Archive member included to satisfy reference by file (symbol)

/home/jiangyikun/qemu_optee/optee_os/out/arm/export-ta_arm32/lib/libutils.a(aeabi_unwind.o)
                              /home/jiangyikun/qemu_optee/optee_examples/hello_world/ta/out/hello_world_ta.o (__aeabi_unwind_cpp_pr0)
/home/jiangyikun/qemu_optee/optee_os/out/arm/export-ta_arm32/lib/libutee.a(utee_syscalls_a32.o)
                              /home/jiangyikun/qemu_optee/optee_examples/hello_world/ta/out/user_ta_header.o (utee_return)
/home/jiangyikun/qemu_optee/optee_os/out/arm/export-ta_arm32/lib/libutee.a(user_ta_entry.o)
                              /home/jiangyikun/qemu_optee/optee_examples/hello_world/ta/out/user_ta_header.o (__utee_entry)
/home/jiangyikun/qemu_optee/optee_os/out/arm/export-ta_arm32/lib/libutee.a(tee_api.o)
                              /home/jiangyikun/qemu_optee/optee_os/out/arm/export-ta_arm32/lib/libutee.a(user_ta_entry.o) (TEE_Malloc)
/home/jiangyikun/qemu_optee/optee_os/out/arm/export-ta_arm32/lib/libutee.a(tee_api_panic.o)
                              /home/jiangyikun/qemu_optee/optee_os/out/arm/export-ta_arm32/lib/libutee.a(user_ta_entry.o) (TEE_Panic)
/home/jiangyikun/qemu_optee/optee_os/out/arm/export-ta_arm32/lib/libutee.a(tee_system_pta.o)
                              /home/jiangyikun/qemu_optee/optee_os/out/arm/export-ta_arm32/lib/libutee.a(tee_api.o) (tee_map_zi)
/home/jiangyikun/qemu_optee/optee_os/out/arm/export-ta_arm32/lib/libutee.a(tee_api_arith_mpi.o)
                              /home/jiangyikun/qemu_optee/optee_os/out/arm/export-ta_arm32/lib/libutee.a(user_ta_entry.o) (_TEE_MathAPI_Init)
/home/jiangyikun/qemu_optee/optee_os/out/arm/export-ta_arm32/lib/libutee.a(trace_ext.o)
                              /home/jiangyikun/qemu_optee/optee_os/out/arm/export-ta_arm32/lib/libutee.a(tee_api_arith_mpi.o) (printf)
/home/jiangyikun/qemu_optee/optee_os/out/arm/export-ta_arm32/lib/libmbedtls.a(bignum.o)
                              /home/jiangyikun/qemu_optee/optee_os/out/arm/export-ta_arm32/lib/libutee.a(tee_api_arith_mpi.o) (mbedtls_mpi_mempool)
/home/jiangyikun/qemu_optee/optee_os/out/arm/export-ta_arm32/lib/libmbedtls.a(platform_util.o)
                              /home/jiangyikun/qemu_optee/optee_os/out/arm/export-ta_arm32/lib/libmbedtls.a(bignum.o) (mbedtls_platform_zeroize)
/home/jiangyikun/qemu_optee/optee_os/out/arm/export-ta_arm32/lib/libutils.a(bget_malloc.o)
                              /home/jiangyikun/qemu_optee/optee_os/out/arm/export-ta_arm32/lib/libutee.a(tee_api.o) (malloc)
/home/jiangyikun/qemu_optee/optee_os/out/arm/export-ta_arm32/lib/libutils.a(snprintf.o)
                              /home/jiangyikun/qemu_optee/optee_os/out/arm/export-ta_arm32/lib/libutee.a(trace_ext.o) (vsnprintf)
/home/jiangyikun/qemu_optee/optee_os/out/arm/export-ta_arm32/lib/libutils.a(memcpy.o)
                              /home/jiangyikun/qemu_optee/optee_os/out/arm/export-ta_arm32/lib/libutee.a(user_ta_entry.o) (memcpy)
/home/jiangyikun/qemu_optee/optee_os/out/arm/export-ta_arm32/lib/libutils.a(memmove.o)
                              /home/jiangyikun/qemu_optee/optee_os/out/arm/export-ta_arm32/lib/libutee.a(tee_api.o) (memmove)
/home/jiangyikun/qemu_optee/optee_os/out/arm/export-ta_arm32/lib/libutils.a(memset.o)
                              /home/jiangyikun/qemu_optee/optee_os/out/arm/export-ta_arm32/lib/libutee.a(user_ta_entry.o) (memset)
/home/jiangyikun/qemu_optee/optee_os/out/arm/export-ta_arm32/lib/libutils.a(strlen.o)
                              /home/jiangyikun/qemu_optee/optee_os/out/arm/export-ta_arm32/lib/libutee.a(trace_ext.o) (strlen)
/home/jiangyikun/qemu_optee/optee_os/out/arm/export-ta_arm32/lib/libutils.a(arm32_aeabi_ldivmod_a32.o)
                              /home/jiangyikun/qemu_optee/optee_os/out/arm/export-ta_arm32/lib/libmbedtls.a(bignum.o) (__aeabi_uldivmod)
/home/jiangyikun/qemu_optee/optee_os/out/arm/export-ta_arm32/lib/libutils.a(arm32_aeabi_ldivmod.o)
                              /home/jiangyikun/qemu_optee/optee_os/out/arm/export-ta_arm32/lib/libutils.a(arm32_aeabi_ldivmod_a32.o) (__ul_divmod)
/home/jiangyikun/qemu_optee/optee_os/out/arm/export-ta_arm32/lib/libutils.a(snprintk.o)
                              /home/jiangyikun/qemu_optee/optee_os/out/arm/export-ta_arm32/lib/libutils.a(snprintf.o) (__vsnprintf)
/home/jiangyikun/qemu_optee/optee_os/out/arm/export-ta_arm32/lib/libutils.a(trace.o)
                              /home/jiangyikun/qemu_optee/optee_os/out/arm/export-ta_arm32/lib/libutee.a(user_ta_entry.o) (trace_set_level)
/home/jiangyikun/qemu_optee/optee_os/out/arm/export-ta_arm32/lib/libutils.a(mempool.o)
                              /home/jiangyikun/qemu_optee/optee_os/out/arm/export-ta_arm32/lib/libutee.a(tee_api_arith_mpi.o) (mempool_alloc_pool)
/home/jiangyikun/qemu_optee/optee_os/out/arm/export-ta_arm32/lib/libutils.a(consttime_memcmp.o)
[...]
Memory Configuration

Name             Origin             Length             Attributes
*default*        0x0000000000000000 0xffffffffffffffff

Linker script and memory map


.ta_head        0x0000000000000000       0x20
 *(SORT_BY_ALIGNMENT(.ta_head))
 .ta_head       0x0000000000000000       0x20 /home/jiangyikun/qemu_optee/optee_examples/hello_world/ta/out/user_ta_header.o
                0x0000000000000000                ta_head

.text           0x0000000000000020     0xbf62
                0x0000000000000020                __text_start = .
 *(SORT_BY_ALIGNMENT(.text) SORT_BY_ALIGNMENT(.text.*))
 .text.__ta_entry
                0x0000000000000020        0x8 /home/jiangyikun/qemu_optee/optee_examples/hello_world/ta/out/ta_entry_a32.o
                0x0000000000000020                __ta_entry
 .text          0x0000000000000028        0x0 /home/jiangyikun/qemu_optee/optee_os/out/arm/export-ta_arm32/lib/libutee.a(utee_syscalls_a32.o)
 .text.utee_panic
                0x0000000000000028       0x14 /home/jiangyikun/qemu_optee/optee_os/out/arm/export-ta_arm32/lib/libutee.a(utee_syscalls_a32.o)
                0x0000000000000028                utee_panic
 .text.utee_return
                0x000000000000003c       0x14 /home/jiangyikun/qemu_optee/optee_os/out/arm/export-ta_arm32/lib/libutee.a(utee_syscalls_a32.o)
                0x000000000000003c                utee_return
 .text.utee_log
                0x0000000000000050       0x14 /home/jiangyikun/qemu_optee/optee_os/out/arm/export-ta_arm32/lib/libutee.a(utee_syscalls_a32.o)
                0x0000000000000050                utee_log
 .text.__utee_panic
                0x0000000000000064       0x14 /home/jiangyikun/qemu_optee/optee_os/out/arm/export-ta_arm32/lib/libutee.a(utee_syscalls_a32.o)
                0x0000000000000064                __utee_panic
 .text.utee_get_property
                0x0000000000000078       0x18 /home/jiangyikun/qemu_optee/optee_os/out/arm/export-ta_arm32/lib/libutee.a(utee_syscalls_a32.o)
                0x0000000000000078                utee_get_property
 .text.utee_get_property_name_to_index
                0x0000000000000090       0x14 /home/jiangyikun/qemu_optee/optee_os/out/arm/export-ta_arm32/lib/libutee.a(utee_syscalls_a32.o)
                0x0000000000000090                utee_get_property_name_to_index
 .text.utee_open_ta_session
                0x00000000000000a4       0x18 /home/jiangyikun/qemu_optee/optee_os/out/arm/export-ta_arm32/lib/libutee.a(utee_syscalls_a32.o)
                0x00000000000000a4                utee_open_ta_session
 .text.utee_close_ta_session
                0x00000000000000bc       0x14 /home/jiangyikun/qemu_optee/optee_os/out/arm/export-ta_arm32/lib/libutee.a(utee_syscalls_a32.o)
                0x00000000000000bc                utee_close_ta_session
 .text.utee_invoke_ta_command
                0x00000000000000d0       0x18 /home/jiangyikun/qemu_optee/optee_os/out/arm/export-ta_arm32/lib/libutee.a(utee_syscalls_a32.o)
                0x00000000000000d0                utee_invoke_ta_command
 .text.utee_get_cancellation_flag
                0x00000000000000e8       0x14 /home/jiangyikun/qemu_optee/optee_os/out/arm/export-ta_arm32/lib/libutee.a(utee_syscalls_a32.o)
                0x00000000000000e8                utee_get_cancellation_flag
 .text.utee_check_access_rights
                0x00000000000000fc       0x14 /home/jiangyikun/qemu_optee/optee_os/out/arm/export-ta_arm32/lib/libutee.a(utee_syscalls_a32.o)
                0x00000000000000fc                utee_check_access_rights
 .text.utee_unmask_cancellation
                0x0000000000000110       0x14 /home/jiangyikun/qemu_optee/optee_os/out/arm/export-ta_arm32/lib/libutee.a(utee_syscalls_a32.o)
                0x0000000000000110                utee_unmask_cancellation
 .text.utee_mask_cancellation
                0x0000000000000124       0x14 /home/jiangyikun/qemu_optee/optee_os/out/arm/export-ta_arm32/lib/libutee.a(utee_syscalls_a32.o)
                0x0000000000000124                utee_mask_cancellation
 .text.utee_wait
                0x0000000000000138       0x14 /home/jiangyikun/qemu_optee/optee_os/out/arm/export-ta_arm32/lib/libutee.a(utee_syscalls_a32.o)
                0x0000000000000138                utee_wait
 .text.utee_get_time
                0x000000000000014c       0x14 /home/jiangyikun/qemu_optee/optee_os/out/arm/export-ta_arm32/lib/libutee.a(utee_syscalls_a32.o)
                0x000000000000014c                utee_get_time
 .text.utee_set_ta_time
                0x0000000000000160       0x14 /home/jiangyikun/qemu_optee/optee_os/out/arm/export-ta_arm32/lib/libutee.a(utee_syscalls_a32.o)
                0x0000000000000160                utee_set_ta_time
 .text.utee_cryp_state_alloc
                0x0000000000000174       0x18 /home/jiangyikun/qemu_optee/optee_os/out/arm/export-ta_arm32/lib/libutee.a(utee_syscalls_a32.o)
                0x0000000000000174                utee_cryp_state_alloc
 .text.utee_cryp_state_copy
                0x000000000000018c       0x14 /home/jiangyikun/qemu_optee/optee_os/out/arm/export-ta_arm32/lib/libutee.a(utee_syscalls_a32.o)
                0x000000000000018c                utee_cryp_state_copy
 .text.utee_cryp_state_free
                0x00000000000001a0       0x14 /home/jiangyikun/qemu_optee/optee_os/out/arm/export-ta_arm32/lib/libutee.a(utee_syscalls_a32.o)
                0x00000000000001a0                utee_cryp_state_free
 .text.utee_hash_init
                0x00000000000001b4       0x14 /home/jiangyikun/qemu_optee/optee_os/out/arm/export-ta_arm32/lib/libutee.a(utee_syscalls_a32.o)
                0x00000000000001b4                utee_hash_init
 .text.utee_hash_update
                0x00000000000001c8       0x14 /home/jiangyikun/qemu_optee/optee_os/out/arm/export-ta_arm32/lib/libutee.a(utee_syscalls_a32.o)
                0x00000000000001c8                utee_hash_update
 .text.utee_hash_final
                0x00000000000001dc       0x18 /home/jiangyikun/qemu_optee/optee_os/out/arm/export-ta_arm32/lib/libutee.a(utee_syscalls_a32.o)
                0x00000000000001dc                utee_hash_final
 .text.utee_cipher_init
                0x00000000000001f4       0x14 /home/jiangyikun/qemu_optee/optee_os/out/arm/export-ta_arm32/lib/libutee.a(utee_syscalls_a32.o)
                0x00000000000001f4                utee_cipher_init
 .text.utee_cipher_update
                0x0000000000000208       0x18 /home/jiangyikun/qemu_optee/optee_os/out/arm/export-ta_arm32/lib/libutee.a(utee_syscalls_a32.o)
                0x0000000000000208                utee_cipher_update
 .text.utee_cipher_final
                0x0000000000000220       0x18 /home/jiangyikun/qemu_optee/optee_os/out/arm/export-ta_arm32/lib/libutee.a(utee_syscalls_a32.o)
                0x0000000000000220                utee_cipher_final
 .text.utee_cryp_obj_get_info
                0x0000000000000238       0x14 /home/jiangyikun/qemu_optee/optee_os/out/arm/export-ta_arm32/lib/libutee.a(utee_syscalls_a32.o)
                0x0000000000000238                utee_cryp_obj_get_info
 .text.utee_cryp_obj_restrict_usage
                0x000000000000024c       0x14 /home/jiangyikun/qemu_optee/optee_os/out/arm/export-ta_arm32/lib/libutee.a(utee_syscalls_a32.o)
                0x000000000000024c                utee_cryp_obj_restrict_usage
 .text.utee_cryp_obj_get_attr
                0x0000000000000260       0x14 /home/jiangyikun/qemu_optee/optee_os/out/arm/export-ta_arm32/lib/libutee.a(utee_syscalls_a32.o)
                0x0000000000000260                utee_cryp_obj_get_attr
 .text.utee_cryp_obj_alloc
                0x0000000000000274       0x14 /home/jiangyikun/qemu_optee/optee_os/out/arm/export-ta_arm32/lib/libutee.a(utee_syscalls_a32.o)
                0x0000000000000274                utee_cryp_obj_alloc
 .text.utee_cryp_obj_close
                0x0000000000000288       0x14 /home/jiangyikun/qemu_optee/optee_os/out/arm/export-ta_arm32/lib/libutee.a(utee_syscalls_a32.o)
                0x0000000000000288                utee_cryp_obj_close
 .text.utee_cryp_obj_reset
                0x000000000000029c       0x14 /home/jiangyikun/qemu_optee/optee_os/out/arm/export-ta_arm32/lib/libutee.a(utee_syscalls_a32.o)
                0x000000000000029c                utee_cryp_obj_reset
 .text.utee_cryp_obj_populate
                0x00000000000002b0       0x14 /home/jiangyikun/qemu_optee/optee_os/out/arm/export-ta_arm32/lib/libutee.a(utee_syscalls_a32.o)
                0x00000000000002b0                utee_cryp_obj_populate
 .text.utee_cryp_obj_copy
                0x00000000000002c4       0x14 /home/jiangyikun/qemu_optee/optee_os/out/arm/export-ta_arm32/lib/libutee.a(utee_syscalls_a32.o)
                0x00000000000002c4                utee_cryp_obj_copy
 .text.utee_cryp_derive_key
                0x00000000000002d8       0x14 /home/jiangyikun/qemu_optee/optee_os/out/arm/export-ta_arm32/lib/libutee.a(utee_syscalls_a32.o)
                0x00000000000002d8                utee_cryp_derive_key
 .text.utee_cryp_random_number_generate
                0x00000000000002ec       0x14 /home/jiangyikun/qemu_optee/optee_os/out/arm/export-ta_arm32/lib/libutee.a(utee_syscalls_a32.o)
                0x00000000000002ec                utee_cryp_random_number_generate
 .text.utee_authenc_init
                0x0000000000000300       0x18 /home/jiangyikun/qemu_optee/optee_os/out/arm/export-ta_arm32/lib/libutee.a(utee_syscalls_a32.o)
                0x0000000000000300                utee_authenc_init
 .text.utee_authenc_update_aad
                0x0000000000000318       0x14 /home/jiangyikun/qemu_optee/optee_os/out/arm/export-ta_arm32/lib/libutee.a(utee_syscalls_a32.o)
                0x0000000000000318                utee_authenc_update_aad
 .text.utee_authenc_update_payload
                0x000000000000032c       0x18 /home/jiangyikun/qemu_optee/optee_os/out/arm/export-ta_arm32/lib/libutee.a(utee_syscalls_a32.o)
                0x000000000000032c                utee_authenc_update_payload
 .text.utee_authenc_enc_final
                0x0000000000000344       0x18 /home/jiangyikun/qemu_optee/optee_os/out/arm/export-ta_arm32/lib/libutee.a(utee_syscalls_a32.o)
                0x0000000000000344                utee_authenc_enc_final
 .text.utee_authenc_dec_final
                0x000000000000035c       0x18 /home/jiangyikun/qemu_optee/optee_os/out/arm/export-ta_arm32/lib/libutee.a(utee_syscalls_a32.o)
                0x000000000000035c                utee_authenc_dec_final
 .text.utee_asymm_operate
                0x0000000000000374       0x18 /home/jiangyikun/qemu_optee/optee_os/out/arm/export-ta_arm32/lib/libutee.a(utee_syscalls_a32.o)
                0x0000000000000374                utee_asymm_operate
 .text.utee_asymm_verify
                0x000000000000038c       0x18 /home/jiangyikun/qemu_optee/optee_os/out/arm/export-ta_arm32/lib/libutee.a(utee_syscalls_a32.o)
                0x000000000000038c                utee_asymm_verify
 .text.utee_storage_obj_open
                0x00000000000003a4       0x18 /home/jiangyikun/qemu_optee/optee_os/out/arm/export-ta_arm32/lib/libutee.a(utee_syscalls_a32.o)
                0x00000000000003a4                utee_storage_obj_open
 .text.utee_storage_obj_create
                0x00000000000003bc       0x18 /home/jiangyikun/qemu_optee/optee_os/out/arm/export-ta_arm32/lib/libutee.a(utee_syscalls_a32.o)
                0x00000000000003bc                utee_storage_obj_create
 .text.utee_storage_obj_del
                0x00000000000003d4       0x14 /home/jiangyikun/qemu_optee/optee_os/out/arm/export-ta_arm32/lib/libutee.a(utee_syscalls_a32.o)
                0x00000000000003d4                utee_storage_obj_del
 .text.utee_storage_obj_rename
                0x00000000000003e8       0x14 /home/jiangyikun/qemu_optee/optee_os/out/arm/export-ta_arm32/lib/libutee.a(utee_syscalls_a32.o)
                0x00000000000003e8                utee_storage_obj_rename
 .text.utee_storage_alloc_enum
                0x00000000000003fc       0x14 /home/jiangyikun/qemu_optee/optee_os/out/arm/export-ta_arm32/lib/libutee.a(utee_syscalls_a32.o)
                0x00000000000003fc                utee_storage_alloc_enum
 .text.utee_storage_free_enum
                0x0000000000000410       0x14 /home/jiangyikun/qemu_optee/optee_os/out/arm/export-ta_arm32/lib/libutee.a(utee_syscalls_a32.o)
                0x0000000000000410                utee_storage_free_enum
 .text.utee_storage_reset_enum
                0x0000000000000424       0x14 /home/jiangyikun/qemu_optee/optee_os/out/arm/export-ta_arm32/lib/libutee.a(utee_syscalls_a32.o)
                0x0000000000000424                utee_storage_reset_enum
 .text.utee_storage_start_enum
                0x0000000000000438       0x14 /home/jiangyikun/qemu_optee/optee_os/out/arm/export-ta_arm32/lib/libutee.a(utee_syscalls_a32.o)
                0x0000000000000438                utee_storage_start_enum
 .text.utee_storage_next_enum
                0x000000000000044c       0x14 /home/jiangyikun/qemu_optee/optee_os/out/arm/export-ta_arm32/lib/libutee.a(utee_syscalls_a32.o)
                0x000000000000044c                utee_storage_next_enum
 .text.utee_storage_obj_read
                0x0000000000000460       0x14 /home/jiangyikun/qemu_optee/optee_os/out/arm/export-ta_arm32/lib/libutee.a(utee_syscalls_a32.o)
                0x0000000000000460                utee_storage_obj_read
 .text.utee_storage_obj_write
                0x0000000000000474       0x14 /home/jiangyikun/qemu_optee/optee_os/out/arm/export-ta_arm32/lib/libutee.a(utee_syscalls_a32.o)
                0x0000000000000474                utee_storage_obj_write
 .text.utee_storage_obj_trunc
                0x0000000000000488       0x14 /home/jiangyikun/qemu_optee/optee_os/out/arm/export-ta_arm32/lib/libutee.a(utee_syscalls_a32.o)
                0x0000000000000488                utee_storage_obj_trunc
 .text.utee_storage_obj_seek
                0x000000000000049c       0x14 /home/jiangyikun/qemu_optee/optee_os/out/arm/export-ta_arm32/lib/libutee.a(utee_syscalls_a32.o)
                0x000000000000049c                utee_storage_obj_seek
 .text.utee_cryp_obj_generate_key
                0x00000000000004b0       0x14 /home/jiangyikun/qemu_optee/optee_os/out/arm/export-ta_arm32/lib/libutee.a(utee_syscalls_a32.o)
                0x00000000000004b0                utee_cryp_obj_generate_key
 .text.utee_cache_operation
                0x00000000000004c4       0x14 /home/jiangyikun/qemu_optee/optee_os/out/arm/export-ta_arm32/lib/libutee.a(utee_syscalls_a32.o)
                0x00000000000004c4                utee_cache_operation
 .text          0x00000000000004d8      0x6d0 /home/jiangyikun/qemu_optee/optee_os/out/arm/export-ta_arm32/lib/libutee.a(user_ta_entry.o)
                0x0000000000000b36                __utee_entry
 .text          0x0000000000000ba8      0xa14 /home/jiangyikun/qemu_optee/optee_os/out/arm/export-ta_arm32/lib/libutee.a(tee_api.o)
                0x0000000000000fc2                TEE_OpenTASession
                0x0000000000001094                TEE_CloseTASession
                0x00000000000010c4                TEE_InvokeTACommand
                0x00000000000011c4                TEE_GetCancellationFlag
                0x00000000000011f8                TEE_UnmaskCancellation
                0x000000000000122c                TEE_MaskCancellation
                0x0000000000001260                TEE_CheckMemoryAccessRights
                0x00000000000012a2                TEE_SetInstanceData
                0x00000000000012c8                TEE_GetInstanceData
                0x00000000000012e4                TEE_MemMove
                0x0000000000001308                TEE_MemCompare
                0x000000000000132c                TEE_MemFill
                0x0000000000001352                TEE_GetSystemTime
                0x000000000000137e                TEE_Wait
                0x00000000000013b6                TEE_GetTAPersistentTime
                0x000000000000143a                TEE_SetTAPersistentTime
                0x0000000000001480                TEE_GetREETime
                0x00000000000014ac                TEE_Malloc
                0x0000000000001514                TEE_Realloc
                0x0000000000001534                TEE_Free
                0x000000000000154e                TEE_CacheClean
                0x0000000000001572                TEE_CacheFlush
                0x0000000000001596                TEE_CacheInvalidate
 .text          0x00000000000015bc      0x24c /home/jiangyikun/qemu_optee/optee_os/out/arm/export-ta_arm32/lib/libutee.a(tee_system_pta.o)
                0x00000000000016b8                tee_map_zi
                0x000000000000175a                tee_unmap
 .text          0x0000000000001808     0x1de8 /home/jiangyikun/qemu_optee/optee_os/out/arm/export-ta_arm32/lib/libutee.a(tee_api_arith_mpi.o)
                0x0000000000001868                _TEE_MathAPI_Init
                0x0000000000001a00                TEE_BigIntInit
                0x0000000000001a78                TEE_BigIntConvertFromOctetString
                0x0000000000001af2                TEE_BigIntConvertToOctetString
                0x0000000000001b78                TEE_BigIntConvertFromS32
                0x0000000000001bf8                TEE_BigIntConvertToS32
                0x0000000000001ccc                TEE_BigIntCmp
                0x0000000000001d22                TEE_BigIntCmpS32
                0x0000000000001d5e                TEE_BigIntShiftRight
                0x0000000000001f18                TEE_BigIntGetBit
                0x0000000000001f5e                TEE_BigIntGetBitCount
                0x0000000000002210                TEE_BigIntAdd
                0x0000000000002244                TEE_BigIntSub
                0x0000000000002278                TEE_BigIntNeg
                0x0000000000002328                TEE_BigIntMul
                0x0000000000002408                TEE_BigIntSquare
                0x0000000000002428                TEE_BigIntDiv
                0x0000000000002588                TEE_BigIntMod
                0x00000000000025f4                TEE_BigIntAddMod
                0x000000000000262c                TEE_BigIntSubMod
                0x0000000000002664                TEE_BigIntMulMod
                0x000000000000269c                TEE_BigIntSquareMod
                0x00000000000026c0                TEE_BigIntInvMod
                0x00000000000027cc                TEE_BigIntRelativePrime
                0x0000000000003088                TEE_BigIntComputeExtendedGcd
                0x0000000000003350                TEE_BigIntIsProbablePrime
                0x00000000000033a4                TEE_BigIntInitFMM
                0x00000000000033c2                TEE_BigIntInitFMMContext
                0x00000000000033de                TEE_BigIntFMMSizeInU32
                0x0000000000003404                TEE_BigIntFMMContextSizeInU32
                0x0000000000003420                TEE_BigIntConvertToFMM
                0x0000000000003444                TEE_BigIntConvertFromFMM
                0x00000000000034e0                TEE_BigIntComputeFMM
 .text          0x00000000000035f0      0x110 /home/jiangyikun/qemu_optee/optee_os/out/arm/export-ta_arm32/lib/libutee.a(trace_ext.o)
                0x00000000000035f0                trace_ext_puts
                0x0000000000003614                trace_ext_get_thread_id
                0x0000000000003628                printf
                0x0000000000003690                puts
                0x00000000000036c8                putchar
 .text          0x0000000000003700     0x5318 /home/jiangyikun/qemu_optee/optee_os/out/arm/export-ta_arm32/lib/libmbedtls.a(bignum.o)
                0x000000000000375e                mbedtls_mpi_init
                0x000000000000377c                mbedtls_mpi_init_mempool
                0x00000000000037b8                mbedtls_mpi_free
                0x0000000000003844                mbedtls_mpi_grow
                0x000000000000394c                mbedtls_mpi_shrink
                0x0000000000003aa0                mbedtls_mpi_copy
                0x0000000000003b78                mbedtls_mpi_swap
                0x0000000000003bba                mbedtls_mpi_safe_cond_assign
                0x0000000000003cce                mbedtls_mpi_safe_cond_swap
                0x0000000000003e40                mbedtls_mpi_lset
                0x0000000000003ea8                mbedtls_mpi_get_bit
                0x0000000000003ef6                mbedtls_mpi_set_bit
                0x0000000000003fc4                mbedtls_mpi_lsb
                0x000000000000408c                mbedtls_mpi_bitlen
                0x0000000000004104                mbedtls_mpi_size
                0x00000000000041aa                mbedtls_mpi_read_string
                0x0000000000004474                mbedtls_mpi_write_string
                0x0000000000004654                mbedtls_mpi_read_binary
                0x0000000000004732                mbedtls_mpi_write_binary
                0x0000000000004816                mbedtls_mpi_shift_l
                0x0000000000004992                mbedtls_mpi_shift_r
                0x0000000000004afc                mbedtls_mpi_cmp_abs
                0x0000000000004c2a                mbedtls_mpi_cmp_mpi
                0x0000000000004d9c                mbedtls_mpi_cmp_int
                0x0000000000004de8                mbedtls_mpi_add_abs
                0x0000000000005034                mbedtls_mpi_sub_abs
                0x000000000000510a                mbedtls_mpi_add_mpi
                0x00000000000051b6                mbedtls_mpi_sub_mpi
                0x0000000000005262                mbedtls_mpi_add_int
                0x00000000000052b2                mbedtls_mpi_sub_int
                0x00000000000061e2                mbedtls_mpi_mul_mpi
                0x000000000000636e                mbedtls_mpi_mul_int
                0x0000000000006464                mbedtls_mpi_div_mpi
                0x0000000000006ad8                mbedtls_mpi_div_int
                0x0000000000006b2a                mbedtls_mpi_mod_mpi
                0x0000000000006bc2                mbedtls_mpi_mod_int
                0x0000000000006cdc                mbedtls_mpi_montg_init
                0x0000000000006d4a                mbedtls_mpi_montmul
                0x0000000000006e7a                mbedtls_mpi_montred
                0x0000000000006ec0                mbedtls_mpi_exp_mod
                0x0000000000007628                mbedtls_mpi_gcd
                0x0000000000007822                mbedtls_mpi_fill_random
                0x00000000000078c0                mbedtls_mpi_inv_mod
                0x0000000000008112                mbedtls_mpi_is_prime_ext
                0x00000000000081b8                mbedtls_mpi_is_prime
                0x00000000000081e0                mbedtls_mpi_gen_prime
                0x00000000000084f4                mbedtls_mpi_self_test
 .text          0x0000000000008a18       0x2c /home/jiangyikun/qemu_optee/optee_os/out/arm/export-ta_arm32/lib/libmbedtls.a(platform_util.o)
                0x0000000000008a18                mbedtls_platform_zeroize
 .text          0x0000000000008a44     0x13ec /home/jiangyikun/qemu_optee/optee_os/out/arm/export-ta_arm32/lib/libutils.a(bget_malloc.o)
                0x0000000000008ac0                bget
                0x0000000000008d30                bgetz
                0x0000000000008dc8                bgetr
                0x0000000000008e88                brel
                0x00000000000091c0                bpool
                0x00000000000092bc                bstats
                0x000000000000945c                malloc_reset_stats
                0x00000000000094ba                malloc_get_stats
                0x0000000000009938                malloc
                0x00000000000099d4                calloc
                0x0000000000009a56                realloc
                0x0000000000009aca                free
                0x0000000000009ae8                free_wipe
                0x0000000000009dae                malloc_add_pool
                0x0000000000009dd8                malloc_buffer_is_within_alloced
                0x0000000000009e04                malloc_buffer_overlaps_heap
 .text.__aeabi_ldivmod
                0x0000000000009e30       0x18 /home/jiangyikun/qemu_optee/optee_os/out/arm/export-ta_arm32/lib/libutils.a(arm32_aeabi_ldivmod_a32.o)
                0x0000000000009e30                __aeabi_ldivmod
 .text.__aeabi_uldivmod
                0x0000000000009e48       0x18 /home/jiangyikun/qemu_optee/optee_os/out/arm/export-ta_arm32/lib/libutils.a(arm32_aeabi_ldivmod_a32.o)
                0x0000000000009e48                __aeabi_uldivmod
 .text          0x0000000000009e60      0xf68 /home/jiangyikun/qemu_optee/optee_os/out/arm/export-ta_arm32/lib/libutils.a(snprintk.o)
                0x0000000000009e60                snprintk
                0x0000000000009e96                vsnprintk
                0x0000000000009ec4                __vsnprintf
 .text          0x000000000000adc8      0x454 /home/jiangyikun/qemu_optee/optee_os/out/arm/export-ta_arm32/lib/libutils.a(trace.o)
                0x000000000000adc8                trace_set_level
                0x000000000000ae10                trace_get_level
                0x000000000000af06                trace_printf
                0x000000000000af3c                trace_vprintf
                0x000000000000b1fc                dhex_dump
 .text          0x000000000000b21c      0x290 /home/jiangyikun/qemu_optee/optee_os/out/arm/export-ta_arm32/lib/libutils.a(mempool.o)
                0x000000000000b24c                mempool_alloc_pool
                0x000000000000b2c0                mempool_alloc
                0x000000000000b3b4                mempool_calloc
                0x000000000000b430                mempool_free
 .text          0x000000000000b4ac       0x5c /home/jiangyikun/qemu_optee/optee_os/out/arm/export-ta_arm32/lib/libutee.a(assert.o)
                0x000000000000b4ac                _assert_log
                0x000000000000b4f4                _assert_break
 .text          0x000000000000b508      0x140 /home/jiangyikun/qemu_optee/optee_examples/hello_world/ta/out/hello_world_ta.o
                0x000000000000b508                TA_CreateEntryPoint
                0x000000000000b51c                TA_DestroyEntryPoint
                0x000000000000b52c                TA_OpenSessionEntryPoint
                0x000000000000b564                TA_CloseSessionEntryPoint
                0x000000000000b600                TA_InvokeCommandEntryPoint
 .text          0x000000000000b648       0x38 /home/jiangyikun/qemu_optee/optee_examples/hello_world/ta/out/user_ta_header.o
                0x000000000000b648                __ta_entry_c
                0x000000000000b66c                tahead_get_trace_level
 .text          0x000000000000b680       0x30 /home/jiangyikun/qemu_optee/optee_os/out/arm/export-ta_arm32/lib/libutils.a(aeabi_unwind.o)
                0x000000000000b680                __aeabi_unwind_cpp_pr0
                0x000000000000b690                __aeabi_unwind_cpp_pr1
                0x000000000000b6a0                __aeabi_unwind_cpp_pr2
 .text          0x000000000000b6b0       0x1a /home/jiangyikun/qemu_optee/optee_os/out/arm/export-ta_arm32/lib/libutee.a(tee_api_panic.o)
                0x000000000000b6b0                TEE_Panic
 .text          0x000000000000b6ca       0x6a /home/jiangyikun/qemu_optee/optee_os/out/arm/export-ta_arm32/lib/libutils.a(snprintf.o)
                0x000000000000b6ca                snprintf
                0x000000000000b706                vsnprintf
 .text          0x000000000000b734       0xf2 /home/jiangyikun/qemu_optee/optee_os/out/arm/export-ta_arm32/lib/libutils.a(memcpy.o)
                0x000000000000b734                memcpy
 .text          0x000000000000b826      0x13e /home/jiangyikun/qemu_optee/optee_os/out/arm/export-ta_arm32/lib/libutils.a(memmove.o)
                0x000000000000b826                memmove
 .text          0x000000000000b964      0x11c /home/jiangyikun/qemu_optee/optee_os/out/arm/export-ta_arm32/lib/libutils.a(memset.o)
                0x000000000000b964                memset
 .text          0x000000000000ba80       0x8a /home/jiangyikun/qemu_optee/optee_os/out/arm/export-ta_arm32/lib/libutils.a(strlen.o)
                0x000000000000ba80                strlen
 .text          0x000000000000bb0a      0x2b0 /home/jiangyikun/qemu_optee/optee_os/out/arm/export-ta_arm32/lib/libutils.a(arm32_aeabi_ldivmod.o)
                0x000000000000bc6a                __ul_divmod
                0x000000000000bcd8                __l_divmod
 .text          0x000000000000bdba       0xb4 /home/jiangyikun/qemu_optee/optee_os/out/arm/export-ta_arm32/lib/libutils.a(consttime_memcmp.o)
                0x000000000000bdba                consttime_memcmp
 .text          0x000000000000be6e      0x114 /home/jiangyikun/qemu_optee/optee_os/out/arm/export-ta_arm32/lib/libutils.a(memchr.o)
                0x000000000000be6e                memchr
 .text          0x000000000000bf82        0x0 /home/jiangyikun/qemu_optee/optee_examples/hello_world/ta/out/ta_entry_a32.o
 .text          0x000000000000bf82        0x0 /home/jiangyikun/qemu_optee/optee_os/out/arm/export-ta_arm32/lib/libutils.a(arm32_aeabi_ldivmod_a32.o)
 *(SORT_BY_ALIGNMENT(.stub))
 *(SORT_BY_ALIGNMENT(.glue_7))
 .glue_7        0x000000000000bf82        0x0 linker stubs
 *(SORT_BY_ALIGNMENT(.glue_7t))
 .glue_7t       0x000000000000bf82        0x0 linker stubs
 *(SORT_BY_ALIGNMENT(.gnu.linkonce.t.*))
 *(SORT_BY_ALIGNMENT(.vfp11_veneer))
 .vfp11_veneer  0x000000000000bf82        0x0 linker stubs
                0x000000000000bf82                __text_end = .

.v4_bx          0x000000000000bf84        0x0
 .v4_bx         0x000000000000bf84        0x0 linker stubs

.iplt           0x000000000000bf84        0x0
 .iplt          0x000000000000bf84        0x0 /home/jiangyikun/qemu_optee/optee_examples/hello_world/ta/out/hello_world_ta.o

.plt            0x000000000000bf84        0x0
 *(SORT_BY_ALIGNMENT(.plt))
 .plt           0x000000000000bf84        0x0 /home/jiangyikun/qemu_optee/optee_examples/hello_world/ta/out/hello_world_ta.o

.eh_frame
 *(SORT_BY_ALIGNMENT(.eh_frame))

.rodata         0x000000000000bf84      0xfcf
 *(SORT_BY_ALIGNMENT(.gnu.linkonce.r.*))
 *(SORT_BY_ALIGNMENT(.rodata) SORT_BY_ALIGNMENT(.rodata.*))
 .rodata.user_ta_header.c
                0x000000000000bf84      0x150 /home/jiangyikun/qemu_optee/optee_examples/hello_world/ta/out/user_ta_header.o
                0x000000000000bf84                trace_ext_prefix
                0x000000000000bf88                ta_heap_size
                0x000000000000c0d0                ta_num_props
 .rodata.lib/libutee/tee_api.c
                0x000000000000c0d4       0x1f /home/jiangyikun/qemu_optee/optee_os/out/arm/export-ta_arm32/lib/libutee.a(tee_api.o)
 *fill*         0x000000000000c0f3        0x1 
 .rodata.lib/libutee/tee_system_pta.c
                0x000000000000c0f4       0x46 /home/jiangyikun/qemu_optee/optee_os/out/arm/export-ta_arm32/lib/libutee.a(tee_system_pta.o)
 *fill*         0x000000000000c13a        0x2 
 .rodata.lib/libutee/tee_api_arith_mpi.c
                0x000000000000c13c      0x221 /home/jiangyikun/qemu_optee/optee_os/out/arm/export-ta_arm32/lib/libutee.a(tee_api_arith_mpi.o)
 *fill*         0x000000000000c35d        0x3 
 .rodata.lib/libutee/trace_ext.c
                0x000000000000c360        0x2 /home/jiangyikun/qemu_optee/optee_os/out/arm/export-ta_arm32/lib/libutee.a(trace_ext.o)
 *fill*         0x000000000000c362        0x2 
 .rodata.lib/libmbedtls/mbedtls/library/bignum.c
                0x000000000000c364      0x742 /home/jiangyikun/qemu_optee/optee_os/out/arm/export-ta_arm32/lib/libmbedtls.a(bignum.o)
 *fill*         0x000000000000caa6        0x2 
 .rodata.lib/libutils/isoc/bget_malloc.c
                0x000000000000caa8      0x338 /home/jiangyikun/qemu_optee/optee_os/out/arm/export-ta_arm32/lib/libutils.a(bget_malloc.o)
 .rodata.lib/libutils/ext/snprintk.c
                0x000000000000cde0       0x7d /home/jiangyikun/qemu_optee/optee_os/out/arm/export-ta_arm32/lib/libutils.a(snprintk.o)
 *fill*         0x000000000000ce5d        0x3 
 .rodata.lib/libutils/ext/trace.c
                0x000000000000ce60       0x29 /home/jiangyikun/qemu_optee/optee_os/out/arm/export-ta_arm32/lib/libutils.a(trace.o)
 *fill*         0x000000000000ce89        0x3 
 .rodata.lib/libutils/ext/mempool.c
                0x000000000000ce8c       0x9e /home/jiangyikun/qemu_optee/optee_os/out/arm/export-ta_arm32/lib/libutils.a(mempool.o)
 *fill*         0x000000000000cf2a        0x2 
 .rodata.lib/libutee/assert.c
                0x000000000000cf2c       0x27 /home/jiangyikun/qemu_optee/optee_os/out/arm/export-ta_arm32/lib/libutee.a(assert.o)

.ARM.extab      0x000000000000cf54      0xa60
 .ARM.extab     0x000000000000cf54       0x3c /home/jiangyikun/qemu_optee/optee_examples/hello_world/ta/out/hello_world_ta.o
 .ARM.extab     0x000000000000cf90        0xc /home/jiangyikun/qemu_optee/optee_examples/hello_world/ta/out/user_ta_header.o
 .ARM.extab     0x000000000000cf9c        0x0 /home/jiangyikun/qemu_optee/optee_os/out/arm/export-ta_arm32/lib/libutils.a(aeabi_unwind.o)
 .ARM.extab     0x000000000000cf9c       0x84 /home/jiangyikun/qemu_optee/optee_os/out/arm/export-ta_arm32/lib/libutee.a(user_ta_entry.o)
 .ARM.extab     0x000000000000d020      0x120 /home/jiangyikun/qemu_optee/optee_os/out/arm/export-ta_arm32/lib/libutee.a(tee_api.o)
 .ARM.extab     0x000000000000d140        0xc /home/jiangyikun/qemu_optee/optee_os/out/arm/export-ta_arm32/lib/libutee.a(tee_api_panic.o)
 .ARM.extab     0x000000000000d14c       0x3c /home/jiangyikun/qemu_optee/optee_os/out/arm/export-ta_arm32/lib/libutee.a(tee_system_pta.o)
 .ARM.extab     0x000000000000d188      0x204 /home/jiangyikun/qemu_optee/optee_os/out/arm/export-ta_arm32/lib/libutee.a(tee_api_arith_mpi.o)
 .ARM.extab     0x000000000000d38c       0x34 /home/jiangyikun/qemu_optee/optee_os/out/arm/export-ta_arm32/lib/libutee.a(trace_ext.o)
 .ARM.extab     0x000000000000d3c0      0x2a0 /home/jiangyikun/qemu_optee/optee_os/out/arm/export-ta_arm32/lib/libmbedtls.a(bignum.o)
 .ARM.extab     0x000000000000d660        0xc /home/jiangyikun/qemu_optee/optee_os/out/arm/export-ta_arm32/lib/libmbedtls.a(platform_util.o)
 .ARM.extab     0x000000000000d66c      0x1e0 /home/jiangyikun/qemu_optee/optee_os/out/arm/export-ta_arm32/lib/libutils.a(bget_malloc.o)
 .ARM.extab     0x000000000000d84c       0x18 /home/jiangyikun/qemu_optee/optee_os/out/arm/export-ta_arm32/lib/libutils.a(snprintf.o)
 .ARM.extab     0x000000000000d864        0xc /home/jiangyikun/qemu_optee/optee_os/out/arm/export-ta_arm32/lib/libutils.a(memcpy.o)
 .ARM.extab     0x000000000000d870        0xc /home/jiangyikun/qemu_optee/optee_os/out/arm/export-ta_arm32/lib/libutils.a(memmove.o)
 .ARM.extab     0x000000000000d87c        0xc /home/jiangyikun/qemu_optee/optee_os/out/arm/export-ta_arm32/lib/libutils.a(memset.o)
 .ARM.extab     0x000000000000d888        0xc /home/jiangyikun/qemu_optee/optee_os/out/arm/export-ta_arm32/lib/libutils.a(strlen.o)
 .ARM.extab     0x000000000000d894       0x30 /home/jiangyikun/qemu_optee/optee_os/out/arm/export-ta_arm32/lib/libutils.a(arm32_aeabi_ldivmod.o)
 .ARM.extab     0x000000000000d8c4       0x30 /home/jiangyikun/qemu_optee/optee_os/out/arm/export-ta_arm32/lib/libutils.a(snprintk.o)
 .ARM.extab     0x000000000000d8f4       0x54 /home/jiangyikun/qemu_optee/optee_os/out/arm/export-ta_arm32/lib/libutils.a(trace.o)
 .ARM.extab     0x000000000000d948       0x48 /home/jiangyikun/qemu_optee/optee_os/out/arm/export-ta_arm32/lib/libutils.a(mempool.o)
 .ARM.extab     0x000000000000d990        0xc /home/jiangyikun/qemu_optee/optee_os/out/arm/export-ta_arm32/lib/libutils.a(consttime_memcmp.o)
 .ARM.extab     0x000000000000d99c        0xc /home/jiangyikun/qemu_optee/optee_os/out/arm/export-ta_arm32/lib/libutils.a(memchr.o)
 .ARM.extab     0x000000000000d9a8        0xc /home/jiangyikun/qemu_optee/optee_os/out/arm/export-ta_arm32/lib/libutee.a(assert.o)

.gnu.version_d  0x000000000000d9b4        0x0
 .gnu.version_d
                0x000000000000d9b4        0x0 /home/jiangyikun/qemu_optee/optee_examples/hello_world/ta/out/hello_world_ta.o

.gnu.version    0x000000000000d9b4        0x0
 .gnu.version   0x000000000000d9b4        0x0 /home/jiangyikun/qemu_optee/optee_examples/hello_world/ta/out/hello_world_ta.o

.gnu.version_r  0x000000000000d9b4        0x0
 .gnu.version_r
                0x000000000000d9b4        0x0 /home/jiangyikun/qemu_optee/optee_examples/hello_world/ta/out/hello_world_ta.o

.gnu.hash       0x000000000000d9b4       0x18
 .gnu.hash      0x000000000000d9b4       0x18 /home/jiangyikun/qemu_optee/optee_examples/hello_world/ta/out/hello_world_ta.o

.ARM.extab.text.__ta_entry
                0x000000000000d9cc        0x0
 .ARM.extab.text.__ta_entry
                0x000000000000d9cc        0x0 /home/jiangyikun/qemu_optee/optee_examples/hello_world/ta/out/ta_entry_a32.o

.ARM.extab.text.utee_panic
                0x000000000000d9cc        0xc
 .ARM.extab.text.utee_panic
                0x000000000000d9cc        0xc /home/jiangyikun/qemu_optee/optee_os/out/arm/export-ta_arm32/lib/libutee.a(utee_syscalls_a32.o)

.ARM.extab.text.utee_return
                0x000000000000d9d8        0x0
 .ARM.extab.text.utee_return
                0x000000000000d9d8        0x0 /home/jiangyikun/qemu_optee/optee_os/out/arm/export-ta_arm32/lib/libutee.a(utee_syscalls_a32.o)

.ARM.extab.text.utee_log
                0x000000000000d9d8        0x0
 .ARM.extab.text.utee_log
                0x000000000000d9d8        0x0 /home/jiangyikun/qemu_optee/optee_os/out/arm/export-ta_arm32/lib/libutee.a(utee_syscalls_a32.o)

.ARM.extab.text.__utee_panic
                0x000000000000d9d8        0x0
 .ARM.extab.text.__utee_panic
                0x000000000000d9d8        0x0 /home/jiangyikun/qemu_optee/optee_os/out/arm/export-ta_arm32/lib/libutee.a(utee_syscalls_a32.o)

.ARM.extab.text.utee_get_property
                0x000000000000d9d8        0x0
 .ARM.extab.text.utee_get_property
                0x000000000000d9d8        0x0 /home/jiangyikun/qemu_optee/optee_os/out/arm/export-ta_arm32/lib/libutee.a(utee_syscalls_a32.o)

.ARM.extab.text.utee_get_property_name_to_index
                0x000000000000d9d8        0x0
 .ARM.extab.text.utee_get_property_name_to_index
                0x000000000000d9d8        0x0 /home/jiangyikun/qemu_optee/optee_os/out/arm/export-ta_arm32/lib/libutee.a(utee_syscalls_a32.o)

.ARM.extab.text.utee_open_ta_session
                0x000000000000d9d8        0x0
 .ARM.extab.text.utee_open_ta_session
                0x000000000000d9d8        0x0 /home/jiangyikun/qemu_optee/optee_os/out/arm/export-ta_arm32/lib/libutee.a(utee_syscalls_a32.o)

.ARM.extab.text.utee_close_ta_session
                0x000000000000d9d8        0x0
 .ARM.extab.text.utee_close_ta_session
                0x000000000000d9d8        0x0 /home/jiangyikun/qemu_optee/optee_os/out/arm/export-ta_arm32/lib/libutee.a(utee_syscalls_a32.o)

.ARM.extab.text.utee_invoke_ta_command
                0x000000000000d9d8        0x0
 .ARM.extab.text.utee_invoke_ta_command
                0x000000000000d9d8        0x0 /home/jiangyikun/qemu_optee/optee_os/out/arm/export-ta_arm32/lib/libutee.a(utee_syscalls_a32.o)

.ARM.extab.text.utee_get_cancellation_flag
                0x000000000000d9d8        0x0
 .ARM.extab.text.utee_get_cancellation_flag
                0x000000000000d9d8        0x0 /home/jiangyikun/qemu_optee/optee_os/out/arm/export-ta_arm32/lib/libutee.a(utee_syscalls_a32.o)

.ARM.extab.text.utee_check_access_rights
                0x000000000000d9d8        0x0
 .ARM.extab.text.utee_check_access_rights
                0x000000000000d9d8        0x0 /home/jiangyikun/qemu_optee/optee_os/out/arm/export-ta_arm32/lib/libutee.a(utee_syscalls_a32.o)

.ARM.extab.text.utee_unmask_cancellation
                0x000000000000d9d8        0x0
 .ARM.extab.text.utee_unmask_cancellation
                0x000000000000d9d8        0x0 /home/jiangyikun/qemu_optee/optee_os/out/arm/export-ta_arm32/lib/libutee.a(utee_syscalls_a32.o)

.ARM.extab.text.utee_mask_cancellation
                0x000000000000d9d8        0x0
 .ARM.extab.text.utee_mask_cancellation
                0x000000000000d9d8        0x0 /home/jiangyikun/qemu_optee/optee_os/out/arm/export-ta_arm32/lib/libutee.a(utee_syscalls_a32.o)

.ARM.extab.text.utee_wait
                0x000000000000d9d8        0x0
 .ARM.extab.text.utee_wait
                0x000000000000d9d8        0x0 /home/jiangyikun/qemu_optee/optee_os/out/arm/export-ta_arm32/lib/libutee.a(utee_syscalls_a32.o)

.ARM.extab.text.utee_get_time
                0x000000000000d9d8        0x0
 .ARM.extab.text.utee_get_time
                0x000000000000d9d8        0x0 /home/jiangyikun/qemu_optee/optee_os/out/arm/export-ta_arm32/lib/libutee.a(utee_syscalls_a32.o)

.ARM.extab.text.utee_set_ta_time
                0x000000000000d9d8        0x0
 .ARM.extab.text.utee_set_ta_time
                0x000000000000d9d8        0x0 /home/jiangyikun/qemu_optee/optee_os/out/arm/export-ta_arm32/lib/libutee.a(utee_syscalls_a32.o)

.ARM.extab.text.utee_cryp_state_alloc
                0x000000000000d9d8        0x0
 .ARM.extab.text.utee_cryp_state_alloc
                0x000000000000d9d8        0x0 /home/jiangyikun/qemu_optee/optee_os/out/arm/export-ta_arm32/lib/libutee.a(utee_syscalls_a32.o)

.ARM.extab.text.utee_cryp_state_copy
                0x000000000000d9d8        0x0
 .ARM.extab.text.utee_cryp_state_copy
                0x000000000000d9d8        0x0 /home/jiangyikun/qemu_optee/optee_os/out/arm/export-ta_arm32/lib/libutee.a(utee_syscalls_a32.o)

.ARM.extab.text.utee_cryp_state_free
                0x000000000000d9d8        0x0
 .ARM.extab.text.utee_cryp_state_free
                0x000000000000d9d8        0x0 /home/jiangyikun/qemu_optee/optee_os/out/arm/export-ta_arm32/lib/libutee.a(utee_syscalls_a32.o)

.ARM.extab.text.utee_hash_init
                0x000000000000d9d8        0x0
 .ARM.extab.text.utee_hash_init
                0x000000000000d9d8        0x0 /home/jiangyikun/qemu_optee/optee_os/out/arm/export-ta_arm32/lib/libutee.a(utee_syscalls_a32.o)

.ARM.extab.text.utee_hash_update
                0x000000000000d9d8        0x0
 .ARM.extab.text.utee_hash_update
                0x000000000000d9d8        0x0 /home/jiangyikun/qemu_optee/optee_os/out/arm/export-ta_arm32/lib/libutee.a(utee_syscalls_a32.o)

.ARM.extab.text.utee_hash_final
                0x000000000000d9d8        0x0
 .ARM.extab.text.utee_hash_final
                0x000000000000d9d8        0x0 /home/jiangyikun/qemu_optee/optee_os/out/arm/export-ta_arm32/lib/libutee.a(utee_syscalls_a32.o)

.ARM.extab.text.utee_cipher_init
                0x000000000000d9d8        0x0
 .ARM.extab.text.utee_cipher_init
                0x000000000000d9d8        0x0 /home/jiangyikun/qemu_optee/optee_os/out/arm/export-ta_arm32/lib/libutee.a(utee_syscalls_a32.o)

.ARM.extab.text.utee_cipher_update
                0x000000000000d9d8        0x0
 .ARM.extab.text.utee_cipher_update
                0x000000000000d9d8        0x0 /home/jiangyikun/qemu_optee/optee_os/out/arm/export-ta_arm32/lib/libutee.a(utee_syscalls_a32.o)

.ARM.extab.text.utee_cipher_final
                0x000000000000d9d8        0x0
 .ARM.extab.text.utee_cipher_final
                0x000000000000d9d8        0x0 /home/jiangyikun/qemu_optee/optee_os/out/arm/export-ta_arm32/lib/libutee.a(utee_syscalls_a32.o)

.ARM.extab.text.utee_cryp_obj_get_info
                0x000000000000d9d8        0x0
 .ARM.extab.text.utee_cryp_obj_get_info
                0x000000000000d9d8        0x0 /home/jiangyikun/qemu_optee/optee_os/out/arm/export-ta_arm32/lib/libutee.a(utee_syscalls_a32.o)

.ARM.extab.text.utee_cryp_obj_restrict_usage
                0x000000000000d9d8        0x0
 .ARM.extab.text.utee_cryp_obj_restrict_usage
                0x000000000000d9d8        0x0 /home/jiangyikun/qemu_optee/optee_os/out/arm/export-ta_arm32/lib/libutee.a(utee_syscalls_a32.o)

.ARM.extab.text.utee_cryp_obj_get_attr
                0x000000000000d9d8        0x0
 .ARM.extab.text.utee_cryp_obj_get_attr
                0x000000000000d9d8        0x0 /home/jiangyikun/qemu_optee/optee_os/out/arm/export-ta_arm32/lib/libutee.a(utee_syscalls_a32.o)

.ARM.extab.text.utee_cryp_obj_alloc
                0x000000000000d9d8        0x0
 .ARM.extab.text.utee_cryp_obj_alloc
                0x000000000000d9d8        0x0 /home/jiangyikun/qemu_optee/optee_os/out/arm/export-ta_arm32/lib/libutee.a(utee_syscalls_a32.o)

.ARM.extab.text.utee_cryp_obj_close
                0x000000000000d9d8        0x0
 .ARM.extab.text.utee_cryp_obj_close
                0x000000000000d9d8        0x0 /home/jiangyikun/qemu_optee/optee_os/out/arm/export-ta_arm32/lib/libutee.a(utee_syscalls_a32.o)

.ARM.extab.text.utee_cryp_obj_reset
                0x000000000000d9d8        0x0
 .ARM.extab.text.utee_cryp_obj_reset
                0x000000000000d9d8        0x0 /home/jiangyikun/qemu_optee/optee_os/out/arm/export-ta_arm32/lib/libutee.a(utee_syscalls_a32.o)

.ARM.extab.text.utee_cryp_obj_populate
                0x000000000000d9d8        0x0
 .ARM.extab.text.utee_cryp_obj_populate
                0x000000000000d9d8        0x0 /home/jiangyikun/qemu_optee/optee_os/out/arm/export-ta_arm32/lib/libutee.a(utee_syscalls_a32.o)

.ARM.extab.text.utee_cryp_obj_copy
                0x000000000000d9d8        0x0
 .ARM.extab.text.utee_cryp_obj_copy
                0x000000000000d9d8        0x0 /home/jiangyikun/qemu_optee/optee_os/out/arm/export-ta_arm32/lib/libutee.a(utee_syscalls_a32.o)

.ARM.extab.text.utee_cryp_derive_key
                0x000000000000d9d8        0x0
 .ARM.extab.text.utee_cryp_derive_key
                0x000000000000d9d8        0x0 /home/jiangyikun/qemu_optee/optee_os/out/arm/export-ta_arm32/lib/libutee.a(utee_syscalls_a32.o)

.ARM.extab.text.utee_cryp_random_number_generate
                0x000000000000d9d8        0x0
 .ARM.extab.text.utee_cryp_random_number_generate
                0x000000000000d9d8        0x0 /home/jiangyikun/qemu_optee/optee_os/out/arm/export-ta_arm32/lib/libutee.a(utee_syscalls_a32.o)

.ARM.extab.text.utee_authenc_init
                0x000000000000d9d8        0x0
 .ARM.extab.text.utee_authenc_init
                0x000000000000d9d8        0x0 /home/jiangyikun/qemu_optee/optee_os/out/arm/export-ta_arm32/lib/libutee.a(utee_syscalls_a32.o)

.ARM.extab.text.utee_authenc_update_aad
                0x000000000000d9d8        0x0
 .ARM.extab.text.utee_authenc_update_aad
                0x000000000000d9d8        0x0 /home/jiangyikun/qemu_optee/optee_os/out/arm/export-ta_arm32/lib/libutee.a(utee_syscalls_a32.o)

.ARM.extab.text.utee_authenc_update_payload
                0x000000000000d9d8        0x0
 .ARM.extab.text.utee_authenc_update_payload
                0x000000000000d9d8        0x0 /home/jiangyikun/qemu_optee/optee_os/out/arm/export-ta_arm32/lib/libutee.a(utee_syscalls_a32.o)

.ARM.extab.text.utee_authenc_enc_final
                0x000000000000d9d8        0x0
 .ARM.extab.text.utee_authenc_enc_final
                0x000000000000d9d8        0x0 /home/jiangyikun/qemu_optee/optee_os/out/arm/export-ta_arm32/lib/libutee.a(utee_syscalls_a32.o)

.ARM.extab.text.utee_authenc_dec_final
                0x000000000000d9d8        0x0
 .ARM.extab.text.utee_authenc_dec_final
                0x000000000000d9d8        0x0 /home/jiangyikun/qemu_optee/optee_os/out/arm/export-ta_arm32/lib/libutee.a(utee_syscalls_a32.o)

.ARM.extab.text.utee_asymm_operate
                0x000000000000d9d8        0x0
 .ARM.extab.text.utee_asymm_operate
                0x000000000000d9d8        0x0 /home/jiangyikun/qemu_optee/optee_os/out/arm/export-ta_arm32/lib/libutee.a(utee_syscalls_a32.o)

.ARM.extab.text.utee_asymm_verify
                0x000000000000d9d8        0x0
 .ARM.extab.text.utee_asymm_verify
                0x000000000000d9d8        0x0 /home/jiangyikun/qemu_optee/optee_os/out/arm/export-ta_arm32/lib/libutee.a(utee_syscalls_a32.o)

.ARM.extab.text.utee_storage_obj_open
                0x000000000000d9d8        0x0
 .ARM.extab.text.utee_storage_obj_open
                0x000000000000d9d8        0x0 /home/jiangyikun/qemu_optee/optee_os/out/arm/export-ta_arm32/lib/libutee.a(utee_syscalls_a32.o)

.ARM.extab.text.utee_storage_obj_create
                0x000000000000d9d8        0x0
 .ARM.extab.text.utee_storage_obj_create
                0x000000000000d9d8        0x0 /home/jiangyikun/qemu_optee/optee_os/out/arm/export-ta_arm32/lib/libutee.a(utee_syscalls_a32.o)

.ARM.extab.text.utee_storage_obj_del
                0x000000000000d9d8        0x0
 .ARM.extab.text.utee_storage_obj_del
                0x000000000000d9d8        0x0 /home/jiangyikun/qemu_optee/optee_os/out/arm/export-ta_arm32/lib/libutee.a(utee_syscalls_a32.o)

.ARM.extab.text.utee_storage_obj_rename
                0x000000000000d9d8        0x0
 .ARM.extab.text.utee_storage_obj_rename
                0x000000000000d9d8        0x0 /home/jiangyikun/qemu_optee/optee_os/out/arm/export-ta_arm32/lib/libutee.a(utee_syscalls_a32.o)

.ARM.extab.text.utee_storage_alloc_enum
                0x000000000000d9d8        0x0
 .ARM.extab.text.utee_storage_alloc_enum
                0x000000000000d9d8        0x0 /home/jiangyikun/qemu_optee/optee_os/out/arm/export-ta_arm32/lib/libutee.a(utee_syscalls_a32.o)

.ARM.extab.text.utee_storage_free_enum
                0x000000000000d9d8        0x0
 .ARM.extab.text.utee_storage_free_enum
                0x000000000000d9d8        0x0 /home/jiangyikun/qemu_optee/optee_os/out/arm/export-ta_arm32/lib/libutee.a(utee_syscalls_a32.o)

.ARM.extab.text.utee_storage_reset_enum
                0x000000000000d9d8        0x0
 .ARM.extab.text.utee_storage_reset_enum
                0x000000000000d9d8        0x0 /home/jiangyikun/qemu_optee/optee_os/out/arm/export-ta_arm32/lib/libutee.a(utee_syscalls_a32.o)

.ARM.extab.text.utee_storage_start_enum
                0x000000000000d9d8        0x0
 .ARM.extab.text.utee_storage_start_enum
                0x000000000000d9d8        0x0 /home/jiangyikun/qemu_optee/optee_os/out/arm/export-ta_arm32/lib/libutee.a(utee_syscalls_a32.o)

.ARM.extab.text.utee_storage_next_enum
                0x000000000000d9d8        0x0
 .ARM.extab.text.utee_storage_next_enum
                0x000000000000d9d8        0x0 /home/jiangyikun/qemu_optee/optee_os/out/arm/export-ta_arm32/lib/libutee.a(utee_syscalls_a32.o)

.ARM.extab.text.utee_storage_obj_read
                0x000000000000d9d8        0x0
 .ARM.extab.text.utee_storage_obj_read
                0x000000000000d9d8        0x0 /home/jiangyikun/qemu_optee/optee_os/out/arm/export-ta_arm32/lib/libutee.a(utee_syscalls_a32.o)

.ARM.extab.text.utee_storage_obj_write
                0x000000000000d9d8        0x0
 .ARM.extab.text.utee_storage_obj_write
                0x000000000000d9d8        0x0 /home/jiangyikun/qemu_optee/optee_os/out/arm/export-ta_arm32/lib/libutee.a(utee_syscalls_a32.o)

.ARM.extab.text.utee_storage_obj_trunc
                0x000000000000d9d8        0x0
 .ARM.extab.text.utee_storage_obj_trunc
                0x000000000000d9d8        0x0 /home/jiangyikun/qemu_optee/optee_os/out/arm/export-ta_arm32/lib/libutee.a(utee_syscalls_a32.o)

.ARM.extab.text.utee_storage_obj_seek
                0x000000000000d9d8        0x0
 .ARM.extab.text.utee_storage_obj_seek
                0x000000000000d9d8        0x0 /home/jiangyikun/qemu_optee/optee_os/out/arm/export-ta_arm32/lib/libutee.a(utee_syscalls_a32.o)

.ARM.extab.text.utee_cryp_obj_generate_key
                0x000000000000d9d8        0x0
 .ARM.extab.text.utee_cryp_obj_generate_key
                0x000000000000d9d8        0x0 /home/jiangyikun/qemu_optee/optee_os/out/arm/export-ta_arm32/lib/libutee.a(utee_syscalls_a32.o)

.ARM.extab.text.utee_cache_operation
                0x000000000000d9d8        0x0
 .ARM.extab.text.utee_cache_operation
                0x000000000000d9d8        0x0 /home/jiangyikun/qemu_optee/optee_os/out/arm/export-ta_arm32/lib/libutee.a(utee_syscalls_a32.o)

.ARM.extab.text.__aeabi_ldivmod
                0x000000000000d9d8        0xc
 .ARM.extab.text.__aeabi_ldivmod
                0x000000000000d9d8        0xc /home/jiangyikun/qemu_optee/optee_os/out/arm/export-ta_arm32/lib/libutils.a(arm32_aeabi_ldivmod_a32.o)

.ARM.extab.text.__aeabi_uldivmod
                0x000000000000d9e4        0xc
 .ARM.extab.text.__aeabi_uldivmod
                0x000000000000d9e4        0xc /home/jiangyikun/qemu_optee/optee_os/out/arm/export-ta_arm32/lib/libutils.a(arm32_aeabi_ldivmod_a32.o)

.ARM.exidx      0x000000000000d9f0      0x770
 *(SORT_BY_ALIGNMENT(.ARM.exidx*) SORT_BY_ALIGNMENT(.gnu.linkonce.armexidx.*))
 .ARM.exidx     0x000000000000e0b0       0x30 /home/jiangyikun/qemu_optee/optee_examples/hello_world/ta/out/hello_world_ta.o
                                         0x38 (size before relaxing)
 .ARM.exidx     0x000000000000e0e0       0x10 /home/jiangyikun/qemu_optee/optee_examples/hello_world/ta/out/user_ta_header.o
 .ARM.exidx.text.__ta_entry
                0x000000000000d9f0        0x8 /home/jiangyikun/qemu_optee/optee_examples/hello_world/ta/out/ta_entry_a32.o
 .ARM.exidx     0x000000000000e0f0        0x0 /home/jiangyikun/qemu_optee/optee_os/out/arm/export-ta_arm32/lib/libutils.a(aeabi_unwind.o)
                                         0x18 (size before relaxing)
 .ARM.exidx.text.utee_panic
                0x000000000000d9f8        0x8 /home/jiangyikun/qemu_optee/optee_os/out/arm/export-ta_arm32/lib/libutee.a(utee_syscalls_a32.o)
 .ARM.exidx.text.utee_return
                0x000000000000da00        0x8 /home/jiangyikun/qemu_optee/optee_os/out/arm/export-ta_arm32/lib/libutee.a(utee_syscalls_a32.o)
 .ARM.exidx.text.utee_log
                0x000000000000da08        0x0 /home/jiangyikun/qemu_optee/optee_os/out/arm/export-ta_arm32/lib/libutee.a(utee_syscalls_a32.o)
                                          0x8 (size before relaxing)
 .ARM.exidx.text.__utee_panic
                0x000000000000da08        0x0 /home/jiangyikun/qemu_optee/optee_os/out/arm/export-ta_arm32/lib/libutee.a(utee_syscalls_a32.o)
                                          0x8 (size before relaxing)
 .ARM.exidx.text.utee_get_property
                0x000000000000da08        0x0 /home/jiangyikun/qemu_optee/optee_os/out/arm/export-ta_arm32/lib/libutee.a(utee_syscalls_a32.o)
                                          0x8 (size before relaxing)
 .ARM.exidx.text.utee_get_property_name_to_index
                0x000000000000da08        0x0 /home/jiangyikun/qemu_optee/optee_os/out/arm/export-ta_arm32/lib/libutee.a(utee_syscalls_a32.o)
                                          0x8 (size before relaxing)
 .ARM.exidx.text.utee_open_ta_session
                0x000000000000da08        0x0 /home/jiangyikun/qemu_optee/optee_os/out/arm/export-ta_arm32/lib/libutee.a(utee_syscalls_a32.o)
                                          0x8 (size before relaxing)
 .ARM.exidx.text.utee_close_ta_session
                0x000000000000da08        0x0 /home/jiangyikun/qemu_optee/optee_os/out/arm/export-ta_arm32/lib/libutee.a(utee_syscalls_a32.o)
                                          0x8 (size before relaxing)
 .ARM.exidx.text.utee_invoke_ta_command
                0x000000000000da08        0x0 /home/jiangyikun/qemu_optee/optee_os/out/arm/export-ta_arm32/lib/libutee.a(utee_syscalls_a32.o)
                                          0x8 (size before relaxing)
 .ARM.exidx.text.utee_get_cancellation_flag
                0x000000000000da08        0x0 /home/jiangyikun/qemu_optee/optee_os/out/arm/export-ta_arm32/lib/libutee.a(utee_syscalls_a32.o)
                                          0x8 (size before relaxing)
 .ARM.exidx.text.utee_check_access_rights
                0x000000000000da08        0x0 /home/jiangyikun/qemu_optee/optee_os/out/arm/export-ta_arm32/lib/libutee.a(utee_syscalls_a32.o)
                                          0x8 (size before relaxing)
 .ARM.exidx.text.utee_unmask_cancellation
                0x000000000000da08        0x0 /home/jiangyikun/qemu_optee/optee_os/out/arm/export-ta_arm32/lib/libutee.a(utee_syscalls_a32.o)
                                          0x8 (size before relaxing)
 .ARM.exidx.text.utee_mask_cancellation
                0x000000000000da08        0x0 /home/jiangyikun/qemu_optee/optee_os/out/arm/export-ta_arm32/lib/libutee.a(utee_syscalls_a32.o)
                                          0x8 (size before relaxing)
 .ARM.exidx.text.utee_wait
                0x000000000000da08        0x0 /home/jiangyikun/qemu_optee/optee_os/out/arm/export-ta_arm32/lib/libutee.a(utee_syscalls_a32.o)
                                          0x8 (size before relaxing)
 .ARM.exidx.text.utee_get_time
                0x000000000000da08        0x0 /home/jiangyikun/qemu_optee/optee_os/out/arm/export-ta_arm32/lib/libutee.a(utee_syscalls_a32.o)
                                          0x8 (size before relaxing)
 .ARM.exidx.text.utee_set_ta_time
                0x000000000000da08        0x0 /home/jiangyikun/qemu_optee/optee_os/out/arm/export-ta_arm32/lib/libutee.a(utee_syscalls_a32.o)
                                          0x8 (size before relaxing)
 .ARM.exidx.text.utee_cryp_state_alloc
                0x000000000000da08        0x0 /home/jiangyikun/qemu_optee/optee_os/out/arm/export-ta_arm32/lib/libutee.a(utee_syscalls_a32.o)
                                          0x8 (size before relaxing)
 .ARM.exidx.text.utee_cryp_state_copy
                0x000000000000da08        0x0 /home/jiangyikun/qemu_optee/optee_os/out/arm/export-ta_arm32/lib/libutee.a(utee_syscalls_a32.o)
                                          0x8 (size before relaxing)
 .ARM.exidx.text.utee_cryp_state_free
                0x000000000000da08        0x0 /home/jiangyikun/qemu_optee/optee_os/out/arm/export-ta_arm32/lib/libutee.a(utee_syscalls_a32.o)
                                          0x8 (size before relaxing)
 .ARM.exidx.text.utee_hash_init
                0x000000000000da08        0x0 /home/jiangyikun/qemu_optee/optee_os/out/arm/export-ta_arm32/lib/libutee.a(utee_syscalls_a32.o)
                                          0x8 (size before relaxing)
 .ARM.exidx.text.utee_hash_update
                0x000000000000da08        0x0 /home/jiangyikun/qemu_optee/optee_os/out/arm/export-ta_arm32/lib/libutee.a(utee_syscalls_a32.o)
                                          0x8 (size before relaxing)
 .ARM.exidx.text.utee_hash_final
                0x000000000000da08        0x0 /home/jiangyikun/qemu_optee/optee_os/out/arm/export-ta_arm32/lib/libutee.a(utee_syscalls_a32.o)
                                          0x8 (size before relaxing)
 .ARM.exidx.text.utee_cipher_init
                0x000000000000da08        0x0 /home/jiangyikun/qemu_optee/optee_os/out/arm/export-ta_arm32/lib/libutee.a(utee_syscalls_a32.o)
                                          0x8 (size before relaxing)
 .ARM.exidx.text.utee_cipher_update
                0x000000000000da08        0x0 /home/jiangyikun/qemu_optee/optee_os/out/arm/export-ta_arm32/lib/libutee.a(utee_syscalls_a32.o)
                                          0x8 (size before relaxing)
 .ARM.exidx.text.utee_cipher_final
                0x000000000000da08        0x0 /home/jiangyikun/qemu_optee/optee_os/out/arm/export-ta_arm32/lib/libutee.a(utee_syscalls_a32.o)
                                          0x8 (size before relaxing)
 .ARM.exidx.text.utee_cryp_obj_get_info
                0x000000000000da08        0x0 /home/jiangyikun/qemu_optee/optee_os/out/arm/export-ta_arm32/lib/libutee.a(utee_syscalls_a32.o)
                                          0x8 (size before relaxing)
 .ARM.exidx.text.utee_cryp_obj_restrict_usage
                0x000000000000da08        0x0 /home/jiangyikun/qemu_optee/optee_os/out/arm/export-ta_arm32/lib/libutee.a(utee_syscalls_a32.o)
                                          0x8 (size before relaxing)
 .ARM.exidx.text.utee_cryp_obj_get_attr
                0x000000000000da08        0x0 /home/jiangyikun/qemu_optee/optee_os/out/arm/export-ta_arm32/lib/libutee.a(utee_syscalls_a32.o)
                                          0x8 (size before relaxing)
 .ARM.exidx.text.utee_cryp_obj_alloc
                0x000000000000da08        0x0 /home/jiangyikun/qemu_optee/optee_os/out/arm/export-ta_arm32/lib/libutee.a(utee_syscalls_a32.o)
                                          0x8 (size before relaxing)
 .ARM.exidx.text.utee_cryp_obj_close
                0x000000000000da08        0x0 /home/jiangyikun/qemu_optee/optee_os/out/arm/export-ta_arm32/lib/libutee.a(utee_syscalls_a32.o)
                                          0x8 (size before relaxing)
 .ARM.exidx.text.utee_cryp_obj_reset
                0x000000000000da08        0x0 /home/jiangyikun/qemu_optee/optee_os/out/arm/export-ta_arm32/lib/libutee.a(utee_syscalls_a32.o)
                                          0x8 (size before relaxing)
 .ARM.exidx.text.utee_cryp_obj_populate
                0x000000000000da08        0x0 /home/jiangyikun/qemu_optee/optee_os/out/arm/export-ta_arm32/lib/libutee.a(utee_syscalls_a32.o)
                                          0x8 (size before relaxing)
 .ARM.exidx.text.utee_cryp_obj_copy
                0x000000000000da08        0x0 /home/jiangyikun/qemu_optee/optee_os/out/arm/export-ta_arm32/lib/libutee.a(utee_syscalls_a32.o)
                                          0x8 (size before relaxing)
 .ARM.exidx.text.utee_cryp_derive_key
                0x000000000000da08        0x0 /home/jiangyikun/qemu_optee/optee_os/out/arm/export-ta_arm32/lib/libutee.a(utee_syscalls_a32.o)
                                          0x8 (size before relaxing)
 .ARM.exidx.text.utee_cryp_random_number_generate
                0x000000000000da08        0x0 /home/jiangyikun/qemu_optee/optee_os/out/arm/export-ta_arm32/lib/libutee.a(utee_syscalls_a32.o)
                                          0x8 (size before relaxing)
 .ARM.exidx.text.utee_authenc_init
                0x000000000000da08        0x0 /home/jiangyikun/qemu_optee/optee_os/out/arm/export-ta_arm32/lib/libutee.a(utee_syscalls_a32.o)
                                          0x8 (size before relaxing)
 .ARM.exidx.text.utee_authenc_update_aad
                0x000000000000da08        0x0 /home/jiangyikun/qemu_optee/optee_os/out/arm/export-ta_arm32/lib/libutee.a(utee_syscalls_a32.o)
                                          0x8 (size before relaxing)
 .ARM.exidx.text.utee_authenc_update_payload
                0x000000000000da08        0x0 /home/jiangyikun/qemu_optee/optee_os/out/arm/export-ta_arm32/lib/libutee.a(utee_syscalls_a32.o)
                                          0x8 (size before relaxing)
 .ARM.exidx.text.utee_authenc_enc_final
                0x000000000000da08        0x0 /home/jiangyikun/qemu_optee/optee_os/out/arm/export-ta_arm32/lib/libutee.a(utee_syscalls_a32.o)
                                          0x8 (size before relaxing)
 .ARM.exidx.text.utee_authenc_dec_final
                0x000000000000da08        0x0 /home/jiangyikun/qemu_optee/optee_os/out/arm/export-ta_arm32/lib/libutee.a(utee_syscalls_a32.o)
                                          0x8 (size before relaxing)
 .ARM.exidx.text.utee_asymm_operate
                0x000000000000da08        0x0 /home/jiangyikun/qemu_optee/optee_os/out/arm/export-ta_arm32/lib/libutee.a(utee_syscalls_a32.o)
                                          0x8 (size before relaxing)
 .ARM.exidx.text.utee_asymm_verify
                0x000000000000da08        0x0 /home/jiangyikun/qemu_optee/optee_os/out/arm/export-ta_arm32/lib/libutee.a(utee_syscalls_a32.o)
                                          0x8 (size before relaxing)
 .ARM.exidx.text.utee_storage_obj_open
                0x000000000000da08        0x0 /home/jiangyikun/qemu_optee/optee_os/out/arm/export-ta_arm32/lib/libutee.a(utee_syscalls_a32.o)
                                          0x8 (size before relaxing)
 .ARM.exidx.text.utee_storage_obj_create
                0x000000000000da08        0x0 /home/jiangyikun/qemu_optee/optee_os/out/arm/export-ta_arm32/lib/libutee.a(utee_syscalls_a32.o)
                                          0x8 (size before relaxing)
 .ARM.exidx.text.utee_storage_obj_del
                0x000000000000da08        0x0 /home/jiangyikun/qemu_optee/optee_os/out/arm/export-ta_arm32/lib/libutee.a(utee_syscalls_a32.o)
                                          0x8 (size before relaxing)
 .ARM.exidx.text.utee_storage_obj_rename
                0x000000000000da08        0x0 /home/jiangyikun/qemu_optee/optee_os/out/arm/export-ta_arm32/lib/libutee.a(utee_syscalls_a32.o)
                                          0x8 (size before relaxing)
 .ARM.exidx.text.utee_storage_alloc_enum
                0x000000000000da08        0x0 /home/jiangyikun/qemu_optee/optee_os/out/arm/export-ta_arm32/lib/libutee.a(utee_syscalls_a32.o)
                                          0x8 (size before relaxing)
 .ARM.exidx.text.utee_storage_free_enum
                0x000000000000da08        0x0 /home/jiangyikun/qemu_optee/optee_os/out/arm/export-ta_arm32/lib/libutee.a(utee_syscalls_a32.o)
                                          0x8 (size before relaxing)
 .ARM.exidx.text.utee_storage_reset_enum
                0x000000000000da08        0x0 /home/jiangyikun/qemu_optee/optee_os/out/arm/export-ta_arm32/lib/libutee.a(utee_syscalls_a32.o)
                                          0x8 (size before relaxing)
 .ARM.exidx.text.utee_storage_start_enum
                0x000000000000da08        0x0 /home/jiangyikun/qemu_optee/optee_os/out/arm/export-ta_arm32/lib/libutee.a(utee_syscalls_a32.o)
                                          0x8 (size before relaxing)
 .ARM.exidx.text.utee_storage_next_enum
                0x000000000000da08        0x0 /home/jiangyikun/qemu_optee/optee_os/out/arm/export-ta_arm32/lib/libutee.a(utee_syscalls_a32.o)
                                          0x8 (size before relaxing)
 .ARM.exidx.text.utee_storage_obj_read
                0x000000000000da08        0x0 /home/jiangyikun/qemu_optee/optee_os/out/arm/export-ta_arm32/lib/libutee.a(utee_syscalls_a32.o)
                                          0x8 (size before relaxing)
 .ARM.exidx.text.utee_storage_obj_write
                0x000000000000da08        0x0 /home/jiangyikun/qemu_optee/optee_os/out/arm/export-ta_arm32/lib/libutee.a(utee_syscalls_a32.o)
                                          0x8 (size before relaxing)
 .ARM.exidx.text.utee_storage_obj_trunc
                0x000000000000da08        0x0 /home/jiangyikun/qemu_optee/optee_os/out/arm/export-ta_arm32/lib/libutee.a(utee_syscalls_a32.o)
                                          0x8 (size before relaxing)
 .ARM.exidx.text.utee_storage_obj_seek
                0x000000000000da08        0x0 /home/jiangyikun/qemu_optee/optee_os/out/arm/export-ta_arm32/lib/libutee.a(utee_syscalls_a32.o)
                                          0x8 (size before relaxing)
 .ARM.exidx.text.utee_cryp_obj_generate_key
                0x000000000000da08        0x0 /home/jiangyikun/qemu_optee/optee_os/out/arm/export-ta_arm32/lib/libutee.a(utee_syscalls_a32.o)
                                          0x8 (size before relaxing)
 .ARM.exidx.text.utee_cache_operation
                0x000000000000da08        0x0 /home/jiangyikun/qemu_optee/optee_os/out/arm/export-ta_arm32/lib/libutee.a(utee_syscalls_a32.o)
                                          0x8 (size before relaxing)
 .ARM.exidx     0x000000000000da08       0x68 /home/jiangyikun/qemu_optee/optee_os/out/arm/export-ta_arm32/lib/libutee.a(user_ta_entry.o)
                                         0x70 (size before relaxing)
 .ARM.exidx     0x000000000000da70       0xc8 /home/jiangyikun/qemu_optee/optee_os/out/arm/export-ta_arm32/lib/libutee.a(tee_api.o)
 .ARM.exidx     0x000000000000e0f0        0x8 /home/jiangyikun/qemu_optee/optee_os/out/arm/export-ta_arm32/lib/libutee.a(tee_api_panic.o)
 .ARM.exidx     0x000000000000db38       0x28 /home/jiangyikun/qemu_optee/optee_os/out/arm/export-ta_arm32/lib/libutee.a(tee_system_pta.o)
 .ARM.exidx     0x000000000000db60      0x158 /home/jiangyikun/qemu_optee/optee_os/out/arm/export-ta_arm32/lib/libutee.a(tee_api_arith_mpi.o)
 .ARM.exidx     0x000000000000dcb8       0x28 /home/jiangyikun/qemu_optee/optee_os/out/arm/export-ta_arm32/lib/libutee.a(trace_ext.o)
 .ARM.exidx     0x000000000000dce0      0x1c8 /home/jiangyikun/qemu_optee/optee_os/out/arm/export-ta_arm32/lib/libmbedtls.a(bignum.o)
 .ARM.exidx     0x000000000000dea8        0x8 /home/jiangyikun/qemu_optee/optee_os/out/arm/export-ta_arm32/lib/libmbedtls.a(platform_util.o)
 .ARM.exidx     0x000000000000deb0      0x148 /home/jiangyikun/qemu_optee/optee_os/out/arm/export-ta_arm32/lib/libutils.a(bget_malloc.o)
 .ARM.exidx     0x000000000000e0f8       0x10 /home/jiangyikun/qemu_optee/optee_os/out/arm/export-ta_arm32/lib/libutils.a(snprintf.o)
 .ARM.exidx     0x000000000000e108        0x8 /home/jiangyikun/qemu_optee/optee_os/out/arm/export-ta_arm32/lib/libutils.a(memcpy.o)
 .ARM.exidx     0x000000000000e110        0x8 /home/jiangyikun/qemu_optee/optee_os/out/arm/export-ta_arm32/lib/libutils.a(memmove.o)
 .ARM.exidx     0x000000000000e118        0x8 /home/jiangyikun/qemu_optee/optee_os/out/arm/export-ta_arm32/lib/libutils.a(memset.o)
 .ARM.exidx     0x000000000000e120        0x8 /home/jiangyikun/qemu_optee/optee_os/out/arm/export-ta_arm32/lib/libutils.a(strlen.o)
 .ARM.exidx.text.__aeabi_ldivmod
                0x000000000000dff8        0x8 /home/jiangyikun/qemu_optee/optee_os/out/arm/export-ta_arm32/lib/libutils.a(arm32_aeabi_ldivmod_a32.o)
 .ARM.exidx.text.__aeabi_uldivmod
                0x000000000000e000        0x8 /home/jiangyikun/qemu_optee/optee_os/out/arm/export-ta_arm32/lib/libutils.a(arm32_aeabi_ldivmod_a32.o)
 .ARM.exidx     0x000000000000e128       0x20 /home/jiangyikun/qemu_optee/optee_os/out/arm/export-ta_arm32/lib/libutils.a(arm32_aeabi_ldivmod.o)
 .ARM.exidx     0x000000000000e008       0x28 /home/jiangyikun/qemu_optee/optee_os/out/arm/export-ta_arm32/lib/libutils.a(snprintk.o)
 .ARM.exidx     0x000000000000e030       0x40 /home/jiangyikun/qemu_optee/optee_os/out/arm/export-ta_arm32/lib/libutils.a(trace.o)
 .ARM.exidx     0x000000000000e070       0x30 /home/jiangyikun/qemu_optee/optee_os/out/arm/export-ta_arm32/lib/libutils.a(mempool.o)
 .ARM.exidx     0x000000000000e148        0x8 /home/jiangyikun/qemu_optee/optee_os/out/arm/export-ta_arm32/lib/libutils.a(consttime_memcmp.o)
 .ARM.exidx     0x000000000000e150       0x10 /home/jiangyikun/qemu_optee/optee_os/out/arm/export-ta_arm32/lib/libutils.a(memchr.o)
                                          0x8 (size before relaxing)
 .ARM.exidx     0x000000000000e0a0       0x10 /home/jiangyikun/qemu_optee/optee_os/out/arm/export-ta_arm32/lib/libutee.a(assert.o)

.ctors
 *(SORT_BY_ALIGNMENT(.ctors))

.dtors
 *(SORT_BY_ALIGNMENT(.dtors))

.dynsym         0x000000000000e160       0x30
 *(SORT_BY_ALIGNMENT(.dynsym))
 .dynsym        0x000000000000e160       0x30 /home/jiangyikun/qemu_optee/optee_examples/hello_world/ta/out/hello_world_ta.o

.dynstr         0x000000000000e190        0x1
 *(SORT_BY_ALIGNMENT(.dynstr))
 .dynstr        0x000000000000e190        0x1 /home/jiangyikun/qemu_optee/optee_examples/hello_world/ta/out/hello_world_ta.o

.hash           0x000000000000e194       0x18
 *(SORT_BY_ALIGNMENT(.hash))
 .hash          0x000000000000e194       0x18 /home/jiangyikun/qemu_optee/optee_examples/hello_world/ta/out/hello_world_ta.o
                0x000000000000f000                . = ALIGN (0x1000)

.dynamic        0x000000000000f000       0x88
 *(SORT_BY_ALIGNMENT(.dynamic))
 .dynamic       0x000000000000f000       0x88 /home/jiangyikun/qemu_optee/optee_examples/hello_world/ta/out/hello_world_ta.o
                0x000000000000f000                _DYNAMIC

.got            0x000000000000f088       0x3c
 *(SORT_BY_ALIGNMENT(.got.plt))
 .got.plt       0x000000000000f088        0xc /home/jiangyikun/qemu_optee/optee_examples/hello_world/ta/out/hello_world_ta.o
                0x000000000000f088                _GLOBAL_OFFSET_TABLE_
 *(SORT_BY_ALIGNMENT(.got))
 .got           0x000000000000f094       0x30 /home/jiangyikun/qemu_optee/optee_examples/hello_world/ta/out/hello_world_ta.o

.rel.text
 *(SORT_BY_ALIGNMENT(.rel.text))
 *(SORT_BY_ALIGNMENT(.rel.gnu.linkonce.t*))

.rela.text
 *(SORT_BY_ALIGNMENT(.rela.text))
 *(SORT_BY_ALIGNMENT(.rela.gnu.linkonce.t*))

.rel.data
 *(SORT_BY_ALIGNMENT(.rel.data))
 *(SORT_BY_ALIGNMENT(.rel.gnu.linkonce.d*))

.rela.data
 *(SORT_BY_ALIGNMENT(.rela.data))
 *(SORT_BY_ALIGNMENT(.rela.gnu.linkonce.d*))

.rel.rodata
 *(SORT_BY_ALIGNMENT(.rel.rodata))
 *(SORT_BY_ALIGNMENT(.rel.gnu.linkonce.r*))

.rela.rodata
 *(SORT_BY_ALIGNMENT(.rela.rodata))
 *(SORT_BY_ALIGNMENT(.rela.gnu.linkonce.r*))

.rel.dyn        0x000000000000f0c4       0xb0
 *(SORT_BY_ALIGNMENT(.rel.dyn))
 .rel.data.rel.ro
                0x000000000000f0c4        0x0 /home/jiangyikun/qemu_optee/optee_examples/hello_world/ta/out/hello_world_ta.o
 .rel.iplt      0x000000000000f0c4        0x0 /home/jiangyikun/qemu_optee/optee_examples/hello_world/ta/out/hello_world_ta.o
 .rel.data.rel.ro.local
                0x000000000000f0c4       0x90 /home/jiangyikun/qemu_optee/optee_examples/hello_world/ta/out/hello_world_ta.o
 .rel.data.rel.local
                0x000000000000f154       0x18 /home/jiangyikun/qemu_optee/optee_examples/hello_world/ta/out/hello_world_ta.o
 .rel.data.rel  0x000000000000f16c        0x8 /home/jiangyikun/qemu_optee/optee_examples/hello_world/ta/out/hello_world_ta.o

.rel.got        0x000000000000f174       0x60
 *(SORT_BY_ALIGNMENT(.rel.got))
 .rel.got       0x000000000000f174       0x60 /home/jiangyikun/qemu_optee/optee_examples/hello_world/ta/out/hello_world_ta.o

.rela.got
 *(SORT_BY_ALIGNMENT(.rela.got))

.rel.ctors
 *(SORT_BY_ALIGNMENT(.rel.ctors))

.rela.ctors
 *(SORT_BY_ALIGNMENT(.rela.ctors))

.rel.dtors
 *(SORT_BY_ALIGNMENT(.rel.dtors))

.rela.dtors
 *(SORT_BY_ALIGNMENT(.rela.dtors))

.rel.init
 *(SORT_BY_ALIGNMENT(.rel.init))

.rela.init
 *(SORT_BY_ALIGNMENT(.rela.init))

.rel.fini
 *(SORT_BY_ALIGNMENT(.rel.fini))

.rela.fini
 *(SORT_BY_ALIGNMENT(.rela.fini))

.rel.bss        0x000000000000f1d4        0x0
 *(SORT_BY_ALIGNMENT(.rel.bss))
 .rel.bss       0x000000000000f1d4        0x0 /home/jiangyikun/qemu_optee/optee_examples/hello_world/ta/out/hello_world_ta.o

.rela.bss
 *(SORT_BY_ALIGNMENT(.rela.bss))

.rel.plt        0x000000000000f1d4        0x0
 *(SORT_BY_ALIGNMENT(.rel.plt))
 .rel.plt       0x000000000000f1d4        0x0 /home/jiangyikun/qemu_optee/optee_examples/hello_world/ta/out/hello_world_ta.o

.rela.plt
 *(SORT_BY_ALIGNMENT(.rela.plt))

.data           0x000000000000f1d4       0xd8
 *(SORT_BY_ALIGNMENT(.data) SORT_BY_ALIGNMENT(.data.*) SORT_BY_ALIGNMENT(.gnu.linkonce.d.*))
 .data          0x000000000000f1d4        0x4 /home/jiangyikun/qemu_optee/optee_examples/hello_world/ta/out/user_ta_header.o
                0x000000000000f1d4                trace_level
 .data.rel.ro.local
                0x000000000000f1d8       0x6c /home/jiangyikun/qemu_optee/optee_examples/hello_world/ta/out/user_ta_header.o
                0x000000000000f1d8                ta_props
 .data.rel.local
                0x000000000000f244        0x8 /home/jiangyikun/qemu_optee/optee_os/out/arm/export-ta_arm32/lib/libutee.a(user_ta_entry.o)
 .data.rel      0x000000000000f24c        0x4 /home/jiangyikun/qemu_optee/optee_os/out/arm/export-ta_arm32/lib/libmbedtls.a(platform_util.o)
 .data.rel.local
                0x000000000000f250       0x5c /home/jiangyikun/qemu_optee/optee_os/out/arm/export-ta_arm32/lib/libutils.a(bget_malloc.o)
 .data          0x000000000000f2ac        0x0 /home/jiangyikun/qemu_optee/optee_examples/hello_world/ta/out/hello_world_ta.o
 .data.rel.ro   0x000000000000f2ac        0x0 /home/jiangyikun/qemu_optee/optee_examples/hello_world/ta/out/hello_world_ta.o
 .data          0x000000000000f2ac        0x0 /home/jiangyikun/qemu_optee/optee_examples/hello_world/ta/out/ta_entry_a32.o
 .data          0x000000000000f2ac        0x0 /home/jiangyikun/qemu_optee/optee_os/out/arm/export-ta_arm32/lib/libutils.a(aeabi_unwind.o)
 .data          0x000000000000f2ac        0x0 /home/jiangyikun/qemu_optee/optee_os/out/arm/export-ta_arm32/lib/libutee.a(utee_syscalls_a32.o)
 .data          0x000000000000f2ac        0x0 /home/jiangyikun/qemu_optee/optee_os/out/arm/export-ta_arm32/lib/libutee.a(user_ta_entry.o)
 .data          0x000000000000f2ac        0x0 /home/jiangyikun/qemu_optee/optee_os/out/arm/export-ta_arm32/lib/libutee.a(tee_api.o)
 .data          0x000000000000f2ac        0x0 /home/jiangyikun/qemu_optee/optee_os/out/arm/export-ta_arm32/lib/libutee.a(tee_api_panic.o)
 .data          0x000000000000f2ac        0x0 /home/jiangyikun/qemu_optee/optee_os/out/arm/export-ta_arm32/lib/libutee.a(tee_system_pta.o)
 .data          0x000000000000f2ac        0x0 /home/jiangyikun/qemu_optee/optee_os/out/arm/export-ta_arm32/lib/libutee.a(tee_api_arith_mpi.o)
 .data          0x000000000000f2ac        0x0 /home/jiangyikun/qemu_optee/optee_os/out/arm/export-ta_arm32/lib/libutee.a(trace_ext.o)
 .data          0x000000000000f2ac        0x0 /home/jiangyikun/qemu_optee/optee_os/out/arm/export-ta_arm32/lib/libmbedtls.a(bignum.o)
 .data          0x000000000000f2ac        0x0 /home/jiangyikun/qemu_optee/optee_os/out/arm/export-ta_arm32/lib/libmbedtls.a(platform_util.o)
 .data          0x000000000000f2ac        0x0 /home/jiangyikun/qemu_optee/optee_os/out/arm/export-ta_arm32/lib/libutils.a(bget_malloc.o)
 .data          0x000000000000f2ac        0x0 /home/jiangyikun/qemu_optee/optee_os/out/arm/export-ta_arm32/lib/libutils.a(snprintf.o)
 .data          0x000000000000f2ac        0x0 /home/jiangyikun/qemu_optee/optee_os/out/arm/export-ta_arm32/lib/libutils.a(memcpy.o)
 .data          0x000000000000f2ac        0x0 /home/jiangyikun/qemu_optee/optee_os/out/arm/export-ta_arm32/lib/libutils.a(memmove.o)
 .data          0x000000000000f2ac        0x0 /home/jiangyikun/qemu_optee/optee_os/out/arm/export-ta_arm32/lib/libutils.a(memset.o)
 .data          0x000000000000f2ac        0x0 /home/jiangyikun/qemu_optee/optee_os/out/arm/export-ta_arm32/lib/libutils.a(strlen.o)
 .data          0x000000000000f2ac        0x0 /home/jiangyikun/qemu_optee/optee_os/out/arm/export-ta_arm32/lib/libutils.a(arm32_aeabi_ldivmod_a32.o)
 .data          0x000000000000f2ac        0x0 /home/jiangyikun/qemu_optee/optee_os/out/arm/export-ta_arm32/lib/libutils.a(arm32_aeabi_ldivmod.o)
 .data          0x000000000000f2ac        0x0 /home/jiangyikun/qemu_optee/optee_os/out/arm/export-ta_arm32/lib/libutils.a(snprintk.o)
 .data          0x000000000000f2ac        0x0 /home/jiangyikun/qemu_optee/optee_os/out/arm/export-ta_arm32/lib/libutils.a(trace.o)
 .data          0x000000000000f2ac        0x0 /home/jiangyikun/qemu_optee/optee_os/out/arm/export-ta_arm32/lib/libutils.a(mempool.o)
 .data          0x000000000000f2ac        0x0 /home/jiangyikun/qemu_optee/optee_os/out/arm/export-ta_arm32/lib/libutils.a(consttime_memcmp.o)
 .data          0x000000000000f2ac        0x0 /home/jiangyikun/qemu_optee/optee_os/out/arm/export-ta_arm32/lib/libutils.a(memchr.o)
 .data          0x000000000000f2ac        0x0 /home/jiangyikun/qemu_optee/optee_os/out/arm/export-ta_arm32/lib/libutee.a(assert.o)

.igot.plt       0x000000000000f2ac        0x0
 .igot.plt      0x000000000000f2ac        0x0 /home/jiangyikun/qemu_optee/optee_examples/hello_world/ta/out/hello_world_ta.o

.bss            0x000000000000f2ac     0xb034
 *(SORT_BY_ALIGNMENT(.bss) SORT_BY_ALIGNMENT(.bss.*) SORT_BY_ALIGNMENT(.gnu.linkonce.b.*) SORT_BY_ALIGNMENT(COMMON))
 .bss           0x000000000000f2ac     0x8000 /home/jiangyikun/qemu_optee/optee_examples/hello_world/ta/out/user_ta_header.o
                0x000000000000f2ac                ta_heap
 .bss           0x00000000000172ac       0x25 /home/jiangyikun/qemu_optee/optee_os/out/arm/export-ta_arm32/lib/libutee.a(user_ta_entry.o)
                0x00000000000172ac                ta_param_types
                0x00000000000172b0                ta_params
 *fill*         0x00000000000172d1        0x3 
 .bss           0x00000000000172d4        0x4 /home/jiangyikun/qemu_optee/optee_os/out/arm/export-ta_arm32/lib/libutee.a(tee_api.o)
 .bss           0x00000000000172d8        0x4 /home/jiangyikun/qemu_optee/optee_os/out/arm/export-ta_arm32/lib/libutee.a(tee_system_pta.o)
 .bss           0x00000000000172dc     0x3000 /home/jiangyikun/qemu_optee/optee_os/out/arm/export-ta_arm32/lib/libutee.a(tee_api_arith_mpi.o)
 .bss           0x000000000001a2dc        0x4 /home/jiangyikun/qemu_optee/optee_os/out/arm/export-ta_arm32/lib/libmbedtls.a(bignum.o)
                0x000000000001a2dc                mbedtls_mpi_mempool
 .bss           0x000000000001a2e0        0x0 /home/jiangyikun/qemu_optee/optee_examples/hello_world/ta/out/hello_world_ta.o
 .bss           0x000000000001a2e0        0x0 /home/jiangyikun/qemu_optee/optee_examples/hello_world/ta/out/ta_entry_a32.o
 .bss           0x000000000001a2e0        0x0 /home/jiangyikun/qemu_optee/optee_os/out/arm/export-ta_arm32/lib/libutils.a(aeabi_unwind.o)
 .bss           0x000000000001a2e0        0x0 /home/jiangyikun/qemu_optee/optee_os/out/arm/export-ta_arm32/lib/libutee.a(utee_syscalls_a32.o)
 .bss           0x000000000001a2e0        0x0 /home/jiangyikun/qemu_optee/optee_os/out/arm/export-ta_arm32/lib/libutee.a(tee_api_panic.o)
 .bss           0x000000000001a2e0        0x0 /home/jiangyikun/qemu_optee/optee_os/out/arm/export-ta_arm32/lib/libutee.a(trace_ext.o)
 .bss           0x000000000001a2e0        0x0 /home/jiangyikun/qemu_optee/optee_os/out/arm/export-ta_arm32/lib/libmbedtls.a(platform_util.o)
 .bss           0x000000000001a2e0        0x0 /home/jiangyikun/qemu_optee/optee_os/out/arm/export-ta_arm32/lib/libutils.a(bget_malloc.o)
 .bss           0x000000000001a2e0        0x0 /home/jiangyikun/qemu_optee/optee_os/out/arm/export-ta_arm32/lib/libutils.a(snprintf.o)
 .bss           0x000000000001a2e0        0x0 /home/jiangyikun/qemu_optee/optee_os/out/arm/export-ta_arm32/lib/libutils.a(memcpy.o)
 .bss           0x000000000001a2e0        0x0 /home/jiangyikun/qemu_optee/optee_os/out/arm/export-ta_arm32/lib/libutils.a(memmove.o)
 .bss           0x000000000001a2e0        0x0 /home/jiangyikun/qemu_optee/optee_os/out/arm/export-ta_arm32/lib/libutils.a(memset.o)
 .bss           0x000000000001a2e0        0x0 /home/jiangyikun/qemu_optee/optee_os/out/arm/export-ta_arm32/lib/libutils.a(strlen.o)
 .bss           0x000000000001a2e0        0x0 /home/jiangyikun/qemu_optee/optee_os/out/arm/export-ta_arm32/lib/libutils.a(arm32_aeabi_ldivmod_a32.o)
 .bss           0x000000000001a2e0        0x0 /home/jiangyikun/qemu_optee/optee_os/out/arm/export-ta_arm32/lib/libutils.a(arm32_aeabi_ldivmod.o)
 .bss           0x000000000001a2e0        0x0 /home/jiangyikun/qemu_optee/optee_os/out/arm/export-ta_arm32/lib/libutils.a(snprintk.o)
 .bss           0x000000000001a2e0        0x0 /home/jiangyikun/qemu_optee/optee_os/out/arm/export-ta_arm32/lib/libutils.a(trace.o)
 .bss           0x000000000001a2e0        0x0 /home/jiangyikun/qemu_optee/optee_os/out/arm/export-ta_arm32/lib/libutils.a(mempool.o)
 .bss           0x000000000001a2e0        0x0 /home/jiangyikun/qemu_optee/optee_os/out/arm/export-ta_arm32/lib/libutils.a(consttime_memcmp.o)
 .bss           0x000000000001a2e0        0x0 /home/jiangyikun/qemu_optee/optee_os/out/arm/export-ta_arm32/lib/libutils.a(memchr.o)
 .bss           0x000000000001a2e0        0x0 /home/jiangyikun/qemu_optee/optee_os/out/arm/export-ta_arm32/lib/libutee.a(assert.o)
                0x000000000001a2e0                . = ALIGN (0x8)
                0x000000000001a2e0                __ftrace_buf_start = .
                0x000000000001a2e0                . = (. + DEFINED (__gnu_mcount_nc)?0x800:0x0)
                0x000000000001a2e0                __ftrace_buf_end = .

.dynbss         0x000000000001a2e0        0x0
 .dynbss        0x000000000001a2e0        0x0 /home/jiangyikun/qemu_optee/optee_examples/hello_world/ta/out/hello_world_ta.o

/DISCARD/
 *(SORT_BY_ALIGNMENT(.interp))
LOAD /home/jiangyikun/qemu_optee/optee_examples/hello_world/ta/out/hello_world_ta.o
LOAD /home/jiangyikun/qemu_optee/optee_examples/hello_world/ta/out/user_ta_header.o
LOAD /home/jiangyikun/qemu_optee/optee_examples/hello_world/ta/out/ta_entry_a32.o
START GROUP
LOAD /home/jiangyikun/qemu_optee/optee_os/out/arm/export-ta_arm32/lib/libutils.a
LOAD /home/jiangyikun/qemu_optee/optee_os/out/arm/export-ta_arm32/lib/libutee.a
LOAD /home/jiangyikun/qemu_optee/optee_os/out/arm/export-ta_arm32/lib/libmbedtls.a
LOAD /home/jiangyikun/qemu_optee/optee_os/out/arm/export-ta_arm32/lib/libdl.a
END GROUP
OUTPUT(/home/jiangyikun/qemu_optee/optee_examples/hello_world/ta/out/8aaaf200-2450-11e4-abe2-0002a5d5c51b.elf elf32-littlearm)

.debug_info     0x0000000000000000     0x8942
 .debug_info    0x0000000000000000      0x2cf /home/jiangyikun/qemu_optee/optee_examples/hello_world/ta/out/hello_world_ta.o
 .debug_info    0x00000000000002cf      0x40f /home/jiangyikun/qemu_optee/optee_examples/hello_world/ta/out/user_ta_header.o
 .debug_info    0x00000000000006de       0x26 /home/jiangyikun/qemu_optee/optee_examples/hello_world/ta/out/ta_entry_a32.o
 .debug_info    0x0000000000000704       0x60 /home/jiangyikun/qemu_optee/optee_os/out/arm/export-ta_arm32/lib/libutils.a(aeabi_unwind.o)
 .debug_info    0x0000000000000764       0x22 /home/jiangyikun/qemu_optee/optee_os/out/arm/export-ta_arm32/lib/libutee.a(utee_syscalls_a32.o)
 .debug_info    0x0000000000000786      0x812 /home/jiangyikun/qemu_optee/optee_os/out/arm/export-ta_arm32/lib/libutee.a(user_ta_entry.o)
 .debug_info    0x0000000000000f98      0xcaa /home/jiangyikun/qemu_optee/optee_os/out/arm/export-ta_arm32/lib/libutee.a(tee_api.o)
 .debug_info    0x0000000000001c42       0xe5 /home/jiangyikun/qemu_optee/optee_os/out/arm/export-ta_arm32/lib/libutee.a(tee_api_panic.o)
 .debug_info    0x0000000000001d27      0x3ff /home/jiangyikun/qemu_optee/optee_os/out/arm/export-ta_arm32/lib/libutee.a(tee_system_pta.o)
 .debug_info    0x0000000000002126     0x1d63 /home/jiangyikun/qemu_optee/optee_os/out/arm/export-ta_arm32/lib/libutee.a(tee_api_arith_mpi.o)
 .debug_info    0x0000000000003e89      0x1f2 /home/jiangyikun/qemu_optee/optee_os/out/arm/export-ta_arm32/lib/libutee.a(trace_ext.o)
 .debug_info    0x000000000000407b     0x1e60 /home/jiangyikun/qemu_optee/optee_os/out/arm/export-ta_arm32/lib/libmbedtls.a(bignum.o)
 .debug_info    0x0000000000005edb       0xf1 /home/jiangyikun/qemu_optee/optee_os/out/arm/export-ta_arm32/lib/libmbedtls.a(platform_util.o)
 .debug_info    0x0000000000005fcc     0x12cd /home/jiangyikun/qemu_optee/optee_os/out/arm/export-ta_arm32/lib/libutils.a(bget_malloc.o)
 .debug_info    0x0000000000007299      0x143 /home/jiangyikun/qemu_optee/optee_os/out/arm/export-ta_arm32/lib/libutils.a(snprintf.o)
 .debug_info    0x00000000000073dc      0x101 /home/jiangyikun/qemu_optee/optee_os/out/arm/export-ta_arm32/lib/libutils.a(memcpy.o)
 .debug_info    0x00000000000074dd      0x101 /home/jiangyikun/qemu_optee/optee_os/out/arm/export-ta_arm32/lib/libutils.a(memmove.o)
 .debug_info    0x00000000000075de       0xe7 /home/jiangyikun/qemu_optee/optee_os/out/arm/export-ta_arm32/lib/libutils.a(memset.o)
 .debug_info    0x00000000000076c5       0xab /home/jiangyikun/qemu_optee/optee_os/out/arm/export-ta_arm32/lib/libutils.a(strlen.o)
 .debug_info    0x0000000000007770       0x22 /home/jiangyikun/qemu_optee/optee_os/out/arm/export-ta_arm32/lib/libutils.a(arm32_aeabi_ldivmod_a32.o)
 .debug_info    0x0000000000007792      0x217 /home/jiangyikun/qemu_optee/optee_os/out/arm/export-ta_arm32/lib/libutils.a(arm32_aeabi_ldivmod.o)
 .debug_info    0x00000000000079a9      0x53f /home/jiangyikun/qemu_optee/optee_os/out/arm/export-ta_arm32/lib/libutils.a(snprintk.o)
 .debug_info    0x0000000000007ee8      0x3b9 /home/jiangyikun/qemu_optee/optee_os/out/arm/export-ta_arm32/lib/libutils.a(trace.o)
 .debug_info    0x00000000000082a1      0x39b /home/jiangyikun/qemu_optee/optee_os/out/arm/export-ta_arm32/lib/libutils.a(mempool.o)
 .debug_info    0x000000000000863c       0xf2 /home/jiangyikun/qemu_optee/optee_os/out/arm/export-ta_arm32/lib/libutils.a(consttime_memcmp.o)
 .debug_info    0x000000000000872e       0xf9 /home/jiangyikun/qemu_optee/optee_os/out/arm/export-ta_arm32/lib/libutils.a(memchr.o)
 .debug_info    0x0000000000008827      0x11b /home/jiangyikun/qemu_optee/optee_os/out/arm/export-ta_arm32/lib/libutee.a(assert.o)

.debug_abbrev   0x0000000000000000     0x2040
 .debug_abbrev  0x0000000000000000      0x18f /home/jiangyikun/qemu_optee/optee_examples/hello_world/ta/out/hello_world_ta.o
 .debug_abbrev  0x000000000000018f      0x199 /home/jiangyikun/qemu_optee/optee_examples/hello_world/ta/out/user_ta_header.o
 .debug_abbrev  0x0000000000000328       0x14 /home/jiangyikun/qemu_optee/optee_examples/hello_world/ta/out/ta_entry_a32.o
 .debug_abbrev  0x000000000000033c       0x31 /home/jiangyikun/qemu_optee/optee_os/out/arm/export-ta_arm32/lib/libutils.a(aeabi_unwind.o)
 .debug_abbrev  0x000000000000036d       0x12 /home/jiangyikun/qemu_optee/optee_os/out/arm/export-ta_arm32/lib/libutee.a(utee_syscalls_a32.o)
 .debug_abbrev  0x000000000000037f      0x230 /home/jiangyikun/qemu_optee/optee_os/out/arm/export-ta_arm32/lib/libutee.a(user_ta_entry.o)
 .debug_abbrev  0x00000000000005af      0x2ae /home/jiangyikun/qemu_optee/optee_os/out/arm/export-ta_arm32/lib/libutee.a(tee_api.o)
 .debug_abbrev  0x000000000000085d       0x8f /home/jiangyikun/qemu_optee/optee_os/out/arm/export-ta_arm32/lib/libutee.a(tee_api_panic.o)
 .debug_abbrev  0x00000000000008ec      0x19d /home/jiangyikun/qemu_optee/optee_os/out/arm/export-ta_arm32/lib/libutee.a(tee_system_pta.o)
 .debug_abbrev  0x0000000000000a89      0x30a /home/jiangyikun/qemu_optee/optee_os/out/arm/export-ta_arm32/lib/libutee.a(tee_api_arith_mpi.o)
 .debug_abbrev  0x0000000000000d93      0x125 /home/jiangyikun/qemu_optee/optee_os/out/arm/export-ta_arm32/lib/libutee.a(trace_ext.o)
 .debug_abbrev  0x0000000000000eb8      0x2c4 /home/jiangyikun/qemu_optee/optee_os/out/arm/export-ta_arm32/lib/libmbedtls.a(bignum.o)
 .debug_abbrev  0x000000000000117c       0xa8 /home/jiangyikun/qemu_optee/optee_os/out/arm/export-ta_arm32/lib/libmbedtls.a(platform_util.o)
 .debug_abbrev  0x0000000000001224      0x2d3 /home/jiangyikun/qemu_optee/optee_os/out/arm/export-ta_arm32/lib/libutils.a(bget_malloc.o)
 .debug_abbrev  0x00000000000014f7       0xf2 /home/jiangyikun/qemu_optee/optee_os/out/arm/export-ta_arm32/lib/libutils.a(snprintf.o)
 .debug_abbrev  0x00000000000015e9       0xa9 /home/jiangyikun/qemu_optee/optee_os/out/arm/export-ta_arm32/lib/libutils.a(memcpy.o)
 .debug_abbrev  0x0000000000001692       0xa9 /home/jiangyikun/qemu_optee/optee_os/out/arm/export-ta_arm32/lib/libutils.a(memmove.o)
 .debug_abbrev  0x000000000000173b       0x9d /home/jiangyikun/qemu_optee/optee_os/out/arm/export-ta_arm32/lib/libutils.a(memset.o)
 .debug_abbrev  0x00000000000017d8       0x8c /home/jiangyikun/qemu_optee/optee_os/out/arm/export-ta_arm32/lib/libutils.a(strlen.o)
 .debug_abbrev  0x0000000000001864       0x12 /home/jiangyikun/qemu_optee/optee_os/out/arm/export-ta_arm32/lib/libutils.a(arm32_aeabi_ldivmod_a32.o)
 .debug_abbrev  0x0000000000001876       0xf0 /home/jiangyikun/qemu_optee/optee_os/out/arm/export-ta_arm32/lib/libutils.a(arm32_aeabi_ldivmod.o)
 .debug_abbrev  0x0000000000001966      0x1b6 /home/jiangyikun/qemu_optee/optee_os/out/arm/export-ta_arm32/lib/libutils.a(snprintk.o)
 .debug_abbrev  0x0000000000001b1c      0x1af /home/jiangyikun/qemu_optee/optee_os/out/arm/export-ta_arm32/lib/libutils.a(trace.o)
 .debug_abbrev  0x0000000000001ccb      0x17b /home/jiangyikun/qemu_optee/optee_os/out/arm/export-ta_arm32/lib/libutils.a(mempool.o)
 .debug_abbrev  0x0000000000001e46       0x98 /home/jiangyikun/qemu_optee/optee_os/out/arm/export-ta_arm32/lib/libutils.a(consttime_memcmp.o)
 .debug_abbrev  0x0000000000001ede       0xba /home/jiangyikun/qemu_optee/optee_os/out/arm/export-ta_arm32/lib/libutils.a(memchr.o)
 .debug_abbrev  0x0000000000001f98       0xa8 /home/jiangyikun/qemu_optee/optee_os/out/arm/export-ta_arm32/lib/libutee.a(assert.o)

.debug_aranges  0x0000000000000000      0x528
 .debug_aranges
                0x0000000000000000       0x20 /home/jiangyikun/qemu_optee/optee_examples/hello_world/ta/out/hello_world_ta.o
 .debug_aranges
                0x0000000000000020       0x20 /home/jiangyikun/qemu_optee/optee_examples/hello_world/ta/out/user_ta_header.o
 .debug_aranges
                0x0000000000000040       0x20 /home/jiangyikun/qemu_optee/optee_examples/hello_world/ta/out/ta_entry_a32.o
 .debug_aranges
                0x0000000000000060       0x20 /home/jiangyikun/qemu_optee/optee_os/out/arm/export-ta_arm32/lib/libutils.a(aeabi_unwind.o)
 .debug_aranges
                0x0000000000000080      0x1e0 /home/jiangyikun/qemu_optee/optee_os/out/arm/export-ta_arm32/lib/libutee.a(utee_syscalls_a32.o)
 .debug_aranges
                0x0000000000000260       0x20 /home/jiangyikun/qemu_optee/optee_os/out/arm/export-ta_arm32/lib/libutee.a(user_ta_entry.o)
 .debug_aranges
                0x0000000000000280       0x20 /home/jiangyikun/qemu_optee/optee_os/out/arm/export-ta_arm32/lib/libutee.a(tee_api.o)
 .debug_aranges
                0x00000000000002a0       0x20 /home/jiangyikun/qemu_optee/optee_os/out/arm/export-ta_arm32/lib/libutee.a(tee_api_panic.o)
 .debug_aranges
                0x00000000000002c0       0x20 /home/jiangyikun/qemu_optee/optee_os/out/arm/export-ta_arm32/lib/libutee.a(tee_system_pta.o)
 .debug_aranges
                0x00000000000002e0       0x20 /home/jiangyikun/qemu_optee/optee_os/out/arm/export-ta_arm32/lib/libutee.a(tee_api_arith_mpi.o)
 .debug_aranges
                0x0000000000000300       0x20 /home/jiangyikun/qemu_optee/optee_os/out/arm/export-ta_arm32/lib/libutee.a(trace_ext.o)
 .debug_aranges
                0x0000000000000320       0x20 /home/jiangyikun/qemu_optee/optee_os/out/arm/export-ta_arm32/lib/libmbedtls.a(bignum.o)
 .debug_aranges
                0x0000000000000340       0x20 /home/jiangyikun/qemu_optee/optee_os/out/arm/export-ta_arm32/lib/libmbedtls.a(platform_util.o)
 .debug_aranges
                0x0000000000000360       0x20 /home/jiangyikun/qemu_optee/optee_os/out/arm/export-ta_arm32/lib/libutils.a(bget_malloc.o)
 .debug_aranges
                0x0000000000000380       0x20 /home/jiangyikun/qemu_optee/optee_os/out/arm/export-ta_arm32/lib/libutils.a(snprintf.o)
 .debug_aranges